Archive member included because of file (symbol)

/opt/toolchains/human68k/human68k/lib/libc.a(lib_a-crt1.o)
                              /opt/toolchains/human68k/bin/../lib/gcc/human68k/4.6.2/../../../../human68k/lib/crt0.o (__crt1_startup)
/opt/toolchains/human68k/human68k/lib/libc.a(lib_a-environ.o)
                              /opt/toolchains/human68k/human68k/lib/libc.a(lib_a-crt1.o) (environ)
/opt/toolchains/human68k/human68k/lib/libc.a(lib_a-errno.o)
                              /opt/toolchains/human68k/human68k/lib/libc.a(lib_a-crt1.o) (__errno)
/opt/toolchains/human68k/human68k/lib/libc.a(lib_a-exit.o)
                              /opt/toolchains/human68k/human68k/lib/libc.a(lib_a-crt1.o) (exit)
/opt/toolchains/human68k/human68k/lib/libc.a(lib_a-fclose.o)
                              src/main.o (fclose)
/opt/toolchains/human68k/human68k/lib/libc.a(lib_a-fds.o)
                              /opt/toolchains/human68k/human68k/lib/libc.a(lib_a-exit.o) (__fd_exit_clean)
/opt/toolchains/human68k/human68k/lib/libc.a(lib_a-fflush.o)
                              /opt/toolchains/human68k/human68k/lib/libc.a(lib_a-fclose.o) (_fflush_r)
/opt/toolchains/human68k/human68k/lib/libc.a(lib_a-fgetc.o)
                              src/main.o (fgetc)
/opt/toolchains/human68k/human68k/lib/libc.a(lib_a-findfp.o)
                              /opt/toolchains/human68k/human68k/lib/libc.a(lib_a-fclose.o) (__sinit)
/opt/toolchains/human68k/human68k/lib/libc.a(lib_a-fopen.o)
                              src/main.o (fopen)
/opt/toolchains/human68k/human68k/lib/libc.a(lib_a-freer.o)
                              /opt/toolchains/human68k/human68k/lib/libc.a(lib_a-fclose.o) (_free_r)
/opt/toolchains/human68k/human68k/lib/libc.a(lib_a-fseek.o)
                              /opt/toolchains/human68k/human68k/lib/libc.a(lib_a-fopen.o) (_fseek_r)
/opt/toolchains/human68k/human68k/lib/libc.a(lib_a-fstatr.o)
                              /opt/toolchains/human68k/human68k/lib/libc.a(lib_a-fseek.o) (_fstat_r)
/opt/toolchains/human68k/human68k/lib/libc.a(lib_a-fwalk.o)
                              /opt/toolchains/human68k/human68k/lib/libc.a(lib_a-findfp.o) (_fwalk)
/opt/toolchains/human68k/human68k/lib/libc.a(lib_a-impure.o)
                              /opt/toolchains/human68k/human68k/lib/libc.a(lib_a-fflush.o) (_global_impure_ptr)
/opt/toolchains/human68k/human68k/lib/libc.a(lib_a-main.o)
                              /opt/toolchains/human68k/human68k/lib/libc.a(lib_a-crt1.o) (__main)
/opt/toolchains/human68k/human68k/lib/libc.a(lib_a-makebuf.o)
                              /opt/toolchains/human68k/human68k/lib/libc.a(lib_a-fseek.o) (__smakebuf_r)
/opt/toolchains/human68k/human68k/lib/libc.a(lib_a-malloc.o)
                              /opt/toolchains/human68k/human68k/lib/libc.a(lib_a-crt1.o) (malloc)
/opt/toolchains/human68k/human68k/lib/libc.a(lib_a-mallocr.o)
                              /opt/toolchains/human68k/human68k/lib/libc.a(lib_a-findfp.o) (_malloc_r)
/opt/toolchains/human68k/human68k/lib/libc.a(lib_a-memset.o)
                              /opt/toolchains/human68k/human68k/lib/libc.a(lib_a-fds.o) (memset)
/opt/toolchains/human68k/human68k/lib/libc.a(lib_a-mlock.o)
                              /opt/toolchains/human68k/human68k/lib/libc.a(lib_a-freer.o) (__malloc_lock)
/opt/toolchains/human68k/human68k/lib/libc.a(lib_a-openr.o)
                              /opt/toolchains/human68k/human68k/lib/libc.a(lib_a-fopen.o) (_open_r)
/opt/toolchains/human68k/human68k/lib/libc.a(lib_a-puts.o)
                              src/main.o (puts)
/opt/toolchains/human68k/human68k/lib/libc.a(lib_a-reent.o)
                              /opt/toolchains/human68k/human68k/lib/libc.a(lib_a-fstatr.o) (errno)
/opt/toolchains/human68k/human68k/lib/libc.a(lib_a-refill.o)
                              /opt/toolchains/human68k/human68k/lib/libc.a(lib_a-fseek.o) (__srefill_r)
/opt/toolchains/human68k/human68k/lib/libc.a(lib_a-rget.o)
                              /opt/toolchains/human68k/human68k/lib/libc.a(lib_a-fgetc.o) (__srget_r)
/opt/toolchains/human68k/human68k/lib/libc.a(lib_a-sbrkr.o)
                              /opt/toolchains/human68k/human68k/lib/libc.a(lib_a-freer.o) (_sbrk_r)
/opt/toolchains/human68k/human68k/lib/libc.a(lib_a-stdio.o)
                              /opt/toolchains/human68k/human68k/lib/libc.a(lib_a-findfp.o) (__sread)
/opt/toolchains/human68k/human68k/lib/libc.a(lib_a-strcat.o)
                              /opt/toolchains/human68k/human68k/lib/libc.a(lib_a-crt1.o) (strcat)
/opt/toolchains/human68k/human68k/lib/libc.a(lib_a-strcpy.o)
                              /opt/toolchains/human68k/human68k/lib/libc.a(lib_a-crt1.o) (strcpy)
/opt/toolchains/human68k/human68k/lib/libc.a(lib_a-strdup.o)
                              /opt/toolchains/human68k/human68k/lib/libc.a(lib_a-fds.o) (strdup)
/opt/toolchains/human68k/human68k/lib/libc.a(lib_a-strdup_r.o)
[...]
Memory Configuration

Name             Origin             Length             Attributes
*default*        0x0000000000000000 0xffffffffffffffff

Linker script and memory map

LOAD /opt/toolchains/human68k/bin/../lib/gcc/human68k/4.6.2/../../../../human68k/lib/crt0.o
LOAD src/crtc.o
LOAD src/pcg.o
LOAD src/main.o
LOAD src/vidcon.o
LOAD /opt/toolchains/human68k/bin/../lib/gcc/human68k/4.6.2/libgcc.a
LOAD /opt/toolchains/human68k/human68k/lib/libc.a
LOAD /opt/toolchains/human68k/human68k/lib/libdos.a
LOAD /opt/toolchains/human68k/human68k/lib/libiocs.a
LOAD /opt/toolchains/human68k/bin/../lib/gcc/human68k/4.6.2/libgcc.a

.text           0x0000000000000000     0x44fc
 *(.header)
                0x0000000000000000                . = ALIGN (0x4)
 *(.init)
 *(.text)
 .text          0x0000000000000000       0xb4 /opt/toolchains/human68k/bin/../lib/gcc/human68k/4.6.2/../../../../human68k/lib/crt0.o
                0x0000000000000000                _start
 .text          0x00000000000000b4      0x40a src/crtc.o
                0x00000000000000b4                crtc_set_htotal
                0x00000000000000be                crtc_set_hsync_end
                0x00000000000000c8                crtc_set_hdisp_start
                0x00000000000000d2                crtc_set_hdisp_end
                0x00000000000000dc                crtc_set_vtotal
                0x00000000000000e6                crtc_set_vsync_end
                0x00000000000000f0                crtc_set_vdisp_start
                0x00000000000000fa                crtc_set_vdisp_end
                0x0000000000000104                crtc_set_horiz_adj
                0x000000000000010e                crtc_set_raster_interrupt
                0x0000000000000118                crtc_set_text_xscroll
                0x0000000000000122                crtc_set_text_yscroll
                0x000000000000012c                crtc_set_gp0_xscroll
                0x0000000000000136                crtc_set_gp0_yscroll
                0x0000000000000140                crtc_set_gp1_xscroll
                0x000000000000014a                crtc_set_gp1_yscroll
                0x0000000000000154                crtc_set_gp2_xscroll
                0x000000000000015e                crtc_set_gp2_yscroll
                0x0000000000000168                crtc_set_gp3_xscroll
                0x0000000000000172                crtc_set_gp3_yscroll
                0x000000000000017c                crtc_init_default
                0x00000000000001e4                crtc_set_tvram_usage
                0x000000000000020a                crtc_set_gvram_usage
                0x0000000000000230                crtc_set_screen_size
                0x0000000000000256                crtc_set_color_mode
                0x000000000000027c                crtc_set_horizontal_freq
                0x00000000000002a2                crtc_set_display_height
                0x00000000000002ca                crtc_set_display_width
                0x00000000000002ee                crtc_set_text_screen_access_mask
                0x0000000000000314                crtc_set_text_screen_access
                0x000000000000033a                crtc_set_text_screen_access_ap3
                0x0000000000000360                crtc_set_text_screen_access_ap2
                0x0000000000000386                crtc_set_text_screen_access_ap1
                0x00000000000003ac                crtc_set_text_screen_access_ap0
                0x00000000000003d2                crtc_set_cp3
                0x00000000000003f8                crtc_set_cp2
                0x000000000000041e                crtc_set_cp1
                0x0000000000000444                crtc_set_cp0
                0x0000000000000468                crtc_set_copy_source
                0x000000000000048a                crtc_set_copy_destination
                0x00000000000004aa                crtc_set_text_mask_pattern
                0x00000000000004b4                crtc_set_control
 *fill*         0x00000000000004be        0x2 00
 .text          0x00000000000004c0      0x1cc src/pcg.o
                0x00000000000004c0                pcg_set_disp_en
                0x00000000000004e6                pcg_set_bg1_txsel
                0x000000000000050c                pcg_set_bg0_txsel
                0x0000000000000532                pcg_set_bg1_enable
                0x0000000000000558                pcg_set_bg0_enable
                0x000000000000057c                pcg_set_lh
                0x00000000000005a2                pcg_set_vres
                0x00000000000005ca                pcg_set_hres
                0x00000000000005ee                pcg_init_default
 .text          0x000000000000068c      0x2cc src/main.o
                0x000000000000068c                init
                0x0000000000000792                bg0print
                0x00000000000007e6                main
 .text          0x0000000000000958      0x34e src/vidcon.o
                0x0000000000000958                vidcon_init_default
                0x0000000000000970                vidcon_commit_regs
                0x0000000000000990                vidcon_set_screen_size
                0x00000000000009b0                vidcon_set_color_mode
                0x00000000000009cc                vidcon_set_prio_sprites
                0x00000000000009ee                vidcon_set_prio_text
                0x0000000000000a10                vidcon_set_prio_graphics
                0x0000000000000a2e                vidcon_set_prio_gp0
                0x0000000000000a4a                vidcon_set_prio_gp1
                0x0000000000000a6c                vidcon_set_prio_gp2
                0x0000000000000a8a                vidcon_set_prio_gp3
                0x0000000000000aa8                vidcon_set_video_cut
                0x0000000000000ac8                vidcon_set_ah
                0x0000000000000ae8                vidcon_set_vht
                0x0000000000000b08                vidcon_set_exon
                0x0000000000000b28                vidcon_set_hp
                0x0000000000000b48                vidcon_set_bp
                0x0000000000000b68                vidcon_set_gg
                0x0000000000000b88                vidcon_set_gt
                0x0000000000000ba8                vidcon_border_enable
                0x0000000000000bc8                vidcon_sprite_enable
                0x0000000000000be8                vidcon_text_enable
                0x0000000000000c08                vidcon_graphic_enable
                0x0000000000000c28                vidcon_graphic_gp0_enable
                0x0000000000000c46                vidcon_graphic_gp1_enable
                0x0000000000000c66                vidcon_graphic_gp2_enable
                0x0000000000000c86                vidcon_graphic_gp3_enable
 *fill*         0x0000000000000ca6        0x2 00
 .text          0x0000000000000ca8      0x2a0 /opt/toolchains/human68k/human68k/lib/libc.a(lib_a-crt1.o)
                0x0000000000000ca8                __crt1_startup
 .text          0x0000000000000f48        0x0 /opt/toolchains/human68k/human68k/lib/libc.a(lib_a-environ.o)
 .text          0x0000000000000f48        0xe /opt/toolchains/human68k/human68k/lib/libc.a(lib_a-errno.o)
                0x0000000000000f48                __errno
 *fill*         0x0000000000000f56        0x2 00
 .text          0x0000000000000f58       0x3c /opt/toolchains/human68k/human68k/lib/libc.a(lib_a-exit.o)
                0x0000000000000f58                exit
 .text          0x0000000000000f94      0x118 /opt/toolchains/human68k/human68k/lib/libc.a(lib_a-fclose.o)
                0x0000000000000f94                _fclose_r
                0x0000000000001094                fclose
 .text          0x00000000000010ac       0xc2 /opt/toolchains/human68k/human68k/lib/libc.a(lib_a-fds.o)
                0x00000000000010ac                __fd_assign
                0x00000000000010fe                __fd_remove
                0x0000000000001144                __fd_exit_clean
 *fill*         0x000000000000116e        0x2 00
 .text          0x0000000000001170      0x208 /opt/toolchains/human68k/human68k/lib/libc.a(lib_a-fflush.o)
                0x0000000000001170                _fflush_r
                0x0000000000001342                fflush
 .text          0x0000000000001378       0xe6 /opt/toolchains/human68k/human68k/lib/libc.a(lib_a-fgetc.o)
                0x0000000000001378                _fgetc_r
                0x00000000000013dc                fgetc
 *fill*         0x000000000000145e        0x2 00
 .text          0x0000000000001460      0x2ce /opt/toolchains/human68k/human68k/lib/libc.a(lib_a-findfp.o)
                0x0000000000001474                _cleanup_r
                0x00000000000014fe                __sfmoreglue
                0x000000000000155a                _cleanup
                0x0000000000001570                __sinit
                0x00000000000015ec                __sfp
                0x00000000000016da                __sfp_lock_acquire
                0x00000000000016e2                __sfp_lock_release
                0x00000000000016ea                __sinit_lock_acquire
                0x00000000000016f2                __sinit_lock_release
                0x00000000000016fa                __fp_lock_all
                0x0000000000001714                __fp_unlock_all
 *fill*         0x000000000000172e        0x2 00
 .text          0x0000000000001730       0xf8 /opt/toolchains/human68k/human68k/lib/libc.a(lib_a-fopen.o)
                0x0000000000001730                _fopen_r
                0x000000000000180c                fopen
 .text          0x0000000000001828      0x3d6 /opt/toolchains/human68k/human68k/lib/libc.a(lib_a-freer.o)
                0x0000000000001828                _malloc_trim_r
                0x0000000000001912                _free_r
 *fill*         0x0000000000001bfe        0x2 00
 .text          0x0000000000001c00      0x458 /opt/toolchains/human68k/human68k/lib/libc.a(lib_a-fseek.o)
                0x0000000000001c00                _fseek_r
                0x0000000000002038                fseek
 .text          0x0000000000002058       0x36 /opt/toolchains/human68k/human68k/lib/libc.a(lib_a-fstatr.o)
                0x0000000000002058                _fstat_r
 *fill*         0x000000000000208e        0x2 00
 .text          0x0000000000002090       0xda /opt/toolchains/human68k/human68k/lib/libc.a(lib_a-fwalk.o)
                0x0000000000002090                _fwalk
                0x00000000000020fc                _fwalk_reent
 *fill*         0x000000000000216a        0x2 00
 .text          0x000000000000216c        0x0 /opt/toolchains/human68k/human68k/lib/libc.a(lib_a-impure.o)
 .text          0x000000000000216c       0x38 /opt/toolchains/human68k/human68k/lib/libc.a(lib_a-main.o)
                0x000000000000216c                __main
 .text          0x00000000000021a4      0x146 /opt/toolchains/human68k/human68k/lib/libc.a(lib_a-makebuf.o)
                0x00000000000021a4                __smakebuf_r
 *fill*         0x00000000000022ea        0x2 00
 .text          0x00000000000022ec       0x32 /opt/toolchains/human68k/human68k/lib/libc.a(lib_a-malloc.o)
                0x00000000000022ec                malloc
                0x0000000000002304                free
 *fill*         0x000000000000231e        0x2 00
 .text          0x0000000000002320      0x73c /opt/toolchains/human68k/human68k/lib/libc.a(lib_a-mallocr.o)
                0x0000000000002320                _malloc_r
 .text          0x0000000000002a5c       0x72 /opt/toolchains/human68k/human68k/lib/libc.a(lib_a-memset.o)
                0x0000000000002a5c                memset
 *fill*         0x0000000000002ace        0x2 00
 .text          0x0000000000002ad0       0x10 /opt/toolchains/human68k/human68k/lib/libc.a(lib_a-mlock.o)
                0x0000000000002ad0                __malloc_lock
                0x0000000000002ad8                __malloc_unlock
 .text          0x0000000000002ae0       0x3c /opt/toolchains/human68k/human68k/lib/libc.a(lib_a-openr.o)
                0x0000000000002ae0                _open_r
 .text          0x0000000000002b1c       0xaa /opt/toolchains/human68k/human68k/lib/libc.a(lib_a-puts.o)
                0x0000000000002b1c                _puts_r
                0x0000000000002bae                puts
 *fill*         0x0000000000002bc6        0x2 00
 .text          0x0000000000002bc8      0x1b4 /opt/toolchains/human68k/human68k/lib/libc.a(lib_a-reent.o)
                0x0000000000002bc8                cleanup_glue
                0x0000000000002c00                _reclaim_reent
                0x0000000000002d00                _wrapup_reent
 .text          0x0000000000002d7c      0x1fa /opt/toolchains/human68k/human68k/lib/libc.a(lib_a-refill.o)
                0x0000000000002da0                __srefill_r
 *fill*         0x0000000000002f76        0x2 00
 .text          0x0000000000002f78       0x7a /opt/toolchains/human68k/human68k/lib/libc.a(lib_a-rget.o)
                0x0000000000002f78                __srget_r
                0x0000000000002fda                __srget
 *fill*         0x0000000000002ff2        0x2 00
 .text          0x0000000000002ff4       0x32 /opt/toolchains/human68k/human68k/lib/libc.a(lib_a-sbrkr.o)
                0x0000000000002ff4                _sbrk_r
 *fill*         0x0000000000003026        0x2 00
 .text          0x0000000000003028      0x144 /opt/toolchains/human68k/human68k/lib/libc.a(lib_a-stdio.o)
                0x0000000000003028                __sread
                0x000000000000306c                __seofread
                0x0000000000003076                __swrite
                0x0000000000003108                __sseek
                0x0000000000003154                __sclose
 .text          0x000000000000316c       0x7e /opt/toolchains/human68k/human68k/lib/libc.a(lib_a-strcat.o)
                0x000000000000316c                strcat
 *fill*         0x00000000000031ea        0x2 00
 .text          0x00000000000031ec       0x1a /opt/toolchains/human68k/human68k/lib/libc.a(lib_a-strcpy.o)
                0x00000000000031ec                strcpy
 *fill*         0x0000000000003206        0x2 00
 .text          0x0000000000003208       0x18 /opt/toolchains/human68k/human68k/lib/libc.a(lib_a-strdup.o)
                0x0000000000003208                strdup
 .text          0x0000000000003220       0x48 /opt/toolchains/human68k/human68k/lib/libc.a(lib_a-strdup_r.o)
                0x0000000000003220                _strdup_r
 .text          0x0000000000003268       0x1a /opt/toolchains/human68k/human68k/lib/libc.a(lib_a-strlen.o)
                0x0000000000003268                strlen
 *fill*         0x0000000000003282        0x2 00
 .text          0x0000000000003284       0x3c /opt/toolchains/human68k/human68k/lib/libc.a(lib_a-writer.o)
                0x0000000000003284                _write_r
 .text          0x00000000000032c0       0x32 /opt/toolchains/human68k/human68k/lib/libc.a(lib_a-close.o)
                0x00000000000032c0                close
 *fill*         0x00000000000032f2        0x2 00
 .text          0x00000000000032f4       0x32 /opt/toolchains/human68k/human68k/lib/libc.a(lib_a-closer.o)
                0x00000000000032f4                _close_r
 *fill*         0x0000000000003326        0x2 00
 .text          0x0000000000003328       0xa0 /opt/toolchains/human68k/human68k/lib/libc.a(lib_a-flags.o)
                0x0000000000003328                __sflags
 .text          0x00000000000033c8       0x28 /opt/toolchains/human68k/human68k/lib/libc.a(lib_a-fstat.o)
                0x00000000000033c8                fstat
 .text          0x00000000000033f0      0x3d4 /opt/toolchains/human68k/human68k/lib/libc.a(lib_a-fvwrite.o)
                0x00000000000033f0                __sfvwrite_r
 .text          0x00000000000037c4       0x32 /opt/toolchains/human68k/human68k/lib/libc.a(lib_a-isattyr.o)
                0x00000000000037c4                _isatty_r
 *fill*         0x00000000000037f6        0x2 00
 .text          0x00000000000037f8       0x3c /opt/toolchains/human68k/human68k/lib/libc.a(lib_a-lseekr.o)
                0x00000000000037f8                _lseek_r
 .text          0x0000000000003834       0xb0 /opt/toolchains/human68k/human68k/lib/libc.a(lib_a-memchr.o)
                0x0000000000003834                memchr
 .text          0x00000000000038e4       0x6e /opt/toolchains/human68k/human68k/lib/libc.a(lib_a-memcpy.o)
                0x00000000000038e4                memcpy
 *fill*         0x0000000000003952        0x2 00
 .text          0x0000000000003954       0xe2 /opt/toolchains/human68k/human68k/lib/libc.a(lib_a-memmove.o)
                0x0000000000003954                memmove
 *fill*         0x0000000000003a36        0x2 00
 .text          0x0000000000003a38       0x78 /opt/toolchains/human68k/human68k/lib/libc.a(lib_a-open.o)
                0x0000000000003a38                open
 .text          0x0000000000003ab0       0x3c /opt/toolchains/human68k/human68k/lib/libc.a(lib_a-readr.o)
                0x0000000000003ab0                _read_r
 .text          0x0000000000003aec      0x644 /opt/toolchains/human68k/human68k/lib/libc.a(lib_a-reallocr.o)
                0x0000000000003aec                _realloc_r
 .text          0x0000000000004130       0x6c /opt/toolchains/human68k/human68k/lib/libc.a(lib_a-sbrk.o)
                0x0000000000004130                sbrk
 .text          0x000000000000419c      0x10c /opt/toolchains/human68k/human68k/lib/libc.a(lib_a-write.o)
                0x000000000000419c                write
 .text          0x00000000000042a8      0x140 /opt/toolchains/human68k/human68k/lib/libc.a(lib_a-wsetup.o)
                0x00000000000042a8                __swsetup_r
 .text          0x00000000000043e8       0x2c /opt/toolchains/human68k/human68k/lib/libc.a(lib_a-doserror.o)
                0x00000000000043e8                __doserr2e
 .text          0x0000000000004414       0x16 /opt/toolchains/human68k/human68k/lib/libc.a(lib_a-isatty.o)
                0x0000000000004414                isatty
 *fill*         0x000000000000442a        0x2 00
 .text          0x000000000000442c        0xc /opt/toolchains/human68k/human68k/lib/libc.a(lib_a-lseek.o)
                0x000000000000442c                lseek
 .text          0x0000000000004438        0xc /opt/toolchains/human68k/human68k/lib/libc.a(lib_a-read.o)
                0x0000000000004438                read
 .text          0x0000000000004444        0xa /opt/toolchains/human68k/human68k/lib/libdos.a(libdos_a-close.o)
                0x0000000000004444                _dos_close
 *fill*         0x000000000000444e        0x2 00
 .text          0x0000000000004450        0xe /opt/toolchains/human68k/human68k/lib/libdos.a(libdos_a-create.o)
                0x0000000000004450                _dos_create
 *fill*         0x000000000000445e        0x2 00
 .text          0x0000000000004460        0x6 /opt/toolchains/human68k/human68k/lib/libdos.a(libdos_a-exit2.o)
                0x0000000000004460                _dos_exit2
 *fill*         0x0000000000004466        0x2 00
 .text          0x0000000000004468        0xe /opt/toolchains/human68k/human68k/lib/libdos.a(libdos_a-open.o)
                0x0000000000004468                _dos_open
 *fill*         0x0000000000004476        0x2 00
 .text          0x0000000000004478       0x14 /opt/toolchains/human68k/human68k/lib/libdos.a(libdos_a-read.o)
                0x0000000000004478                _dos_read
 .text          0x000000000000448c       0x12 /opt/toolchains/human68k/human68k/lib/libdos.a(libdos_a-seek.o)
                0x000000000000448c                _dos_seek
 *fill*         0x000000000000449e        0x2 00
 .text          0x00000000000044a0        0xe /opt/toolchains/human68k/human68k/lib/libdos.a(libdos_a-setblock.o)
                0x00000000000044a0                _dos_setblock
 *fill*         0x00000000000044ae        0x2 00
 .text          0x00000000000044b0        0x6 /opt/toolchains/human68k/human68k/lib/libdos.a(libdos_a-super.o)
                0x00000000000044b0                _dos_super
 *fill*         0x00000000000044b6        0x2 00
 .text          0x00000000000044b8       0x14 /opt/toolchains/human68k/human68k/lib/libdos.a(libdos_a-write.o)
                0x00000000000044b8                _dos_write
 .text          0x00000000000044cc        0x6 /opt/toolchains/human68k/human68k/lib/libiocs.a(libiocs_a-b_curoff.o)
                0x00000000000044cc                _iocs_b_curoff
 *fill*         0x00000000000044d2        0x2 00
 .text          0x00000000000044d4        0xa /opt/toolchains/human68k/human68k/lib/libiocs.a(libiocs_a-crtmod.o)
                0x00000000000044d4                _iocs_crtmod
 *fill*         0x00000000000044de        0x2 00
 .text          0x00000000000044e0        0x6 /opt/toolchains/human68k/human68k/lib/libiocs.a(libiocs_a-g_clr_on.o)
                0x00000000000044e0                _iocs_g_clr_on
 *fill*         0x00000000000044e6        0x2 00
 .text          0x00000000000044e8        0xa /opt/toolchains/human68k/human68k/lib/libiocs.a(libiocs_a-joyget.o)
                0x00000000000044e8                _iocs_joyget
 *fill*         0x00000000000044f2        0x2 00
 .text          0x00000000000044f4        0x6 /opt/toolchains/human68k/human68k/lib/libiocs.a(libiocs_a-ontime.o)
                0x00000000000044f4                _iocs_ontime
 *(.text.*)
 *(.fini)
                0x00000000000044fc                . = ALIGN (0x4)
 *fill*         0x00000000000044fa        0x2 00
                0x00000000000044fc                etext = .
                0x00000000000044fc                _etext = .

.data           0x00000000000044fc      0x91c
                0x00000000000044fc                __ctors_start = .
 *(.ctors)
                0x00000000000044fc                __ctors_end = .
                0x00000000000044fc                __dtors_start = .
 *(.dtors)
                0x00000000000044fc                __dtors_end = .
 SORT(*)(.ctors)
 SORT(*)(.dtors)
 *(.data)
 .data          0x00000000000044fc        0x0 /opt/toolchains/human68k/bin/../lib/gcc/human68k/4.6.2/../../../../human68k/lib/crt0.o
 .data          0x00000000000044fc        0x0 src/crtc.o
 .data          0x00000000000044fc        0x0 src/pcg.o
 .data          0x00000000000044fc        0x0 src/main.o
 .data          0x00000000000044fc        0x0 src/vidcon.o
 .data          0x00000000000044fc        0x0 /opt/toolchains/human68k/human68k/lib/libc.a(lib_a-crt1.o)
 .data          0x00000000000044fc        0x4 /opt/toolchains/human68k/human68k/lib/libc.a(lib_a-environ.o)
                0x00000000000044fc                environ
 .data          0x0000000000004500        0x0 /opt/toolchains/human68k/human68k/lib/libc.a(lib_a-errno.o)
 .data          0x0000000000004500        0x0 /opt/toolchains/human68k/human68k/lib/libc.a(lib_a-exit.o)
 .data          0x0000000000004500        0x0 /opt/toolchains/human68k/human68k/lib/libc.a(lib_a-fclose.o)
 .data          0x0000000000004500        0x0 /opt/toolchains/human68k/human68k/lib/libc.a(lib_a-fds.o)
 .data          0x0000000000004500        0x0 /opt/toolchains/human68k/human68k/lib/libc.a(lib_a-fflush.o)
 .data          0x0000000000004500        0x0 /opt/toolchains/human68k/human68k/lib/libc.a(lib_a-fgetc.o)
 .data          0x0000000000004500        0x0 /opt/toolchains/human68k/human68k/lib/libc.a(lib_a-findfp.o)
 .data          0x0000000000004500        0x0 /opt/toolchains/human68k/human68k/lib/libc.a(lib_a-fopen.o)
 .data          0x0000000000004500        0x0 /opt/toolchains/human68k/human68k/lib/libc.a(lib_a-freer.o)
 .data          0x0000000000004500        0x0 /opt/toolchains/human68k/human68k/lib/libc.a(lib_a-fseek.o)
 .data          0x0000000000004500        0x0 /opt/toolchains/human68k/human68k/lib/libc.a(lib_a-fstatr.o)
 .data          0x0000000000004500        0x0 /opt/toolchains/human68k/human68k/lib/libc.a(lib_a-fwalk.o)
 .data          0x0000000000004500      0x426 /opt/toolchains/human68k/human68k/lib/libc.a(lib_a-impure.o)
                0x0000000000004500                _impure_ptr
 *fill*         0x0000000000004926        0x2 00
 .data          0x0000000000004928        0x0 /opt/toolchains/human68k/human68k/lib/libc.a(lib_a-main.o)
 .data          0x0000000000004928        0x0 /opt/toolchains/human68k/human68k/lib/libc.a(lib_a-makebuf.o)
 .data          0x0000000000004928        0x0 /opt/toolchains/human68k/human68k/lib/libc.a(lib_a-malloc.o)
 .data          0x0000000000004928      0x410 /opt/toolchains/human68k/human68k/lib/libc.a(lib_a-mallocr.o)
                0x0000000000004928                __malloc_sbrk_base
                0x000000000000492c                __malloc_trim_threshold
                0x0000000000004930                __malloc_av_
 .data          0x0000000000004d38        0x0 /opt/toolchains/human68k/human68k/lib/libc.a(lib_a-memset.o)
 .data          0x0000000000004d38        0x0 /opt/toolchains/human68k/human68k/lib/libc.a(lib_a-mlock.o)
 .data          0x0000000000004d38        0x0 /opt/toolchains/human68k/human68k/lib/libc.a(lib_a-openr.o)
 .data          0x0000000000004d38        0x0 /opt/toolchains/human68k/human68k/lib/libc.a(lib_a-puts.o)
 .data          0x0000000000004d38        0x0 /opt/toolchains/human68k/human68k/lib/libc.a(lib_a-reent.o)
 .data          0x0000000000004d38        0x0 /opt/toolchains/human68k/human68k/lib/libc.a(lib_a-refill.o)
 .data          0x0000000000004d38        0x0 /opt/toolchains/human68k/human68k/lib/libc.a(lib_a-rget.o)
 .data          0x0000000000004d38        0x0 /opt/toolchains/human68k/human68k/lib/libc.a(lib_a-sbrkr.o)
 .data          0x0000000000004d38        0x0 /opt/toolchains/human68k/human68k/lib/libc.a(lib_a-stdio.o)
 .data          0x0000000000004d38        0x0 /opt/toolchains/human68k/human68k/lib/libc.a(lib_a-strcat.o)
 .data          0x0000000000004d38        0x0 /opt/toolchains/human68k/human68k/lib/libc.a(lib_a-strcpy.o)
 .data          0x0000000000004d38        0x0 /opt/toolchains/human68k/human68k/lib/libc.a(lib_a-strdup.o)
 .data          0x0000000000004d38        0x0 /opt/toolchains/human68k/human68k/lib/libc.a(lib_a-strdup_r.o)
 .data          0x0000000000004d38        0x0 /opt/toolchains/human68k/human68k/lib/libc.a(lib_a-strlen.o)
 .data          0x0000000000004d38        0x0 /opt/toolchains/human68k/human68k/lib/libc.a(lib_a-writer.o)
 .data          0x0000000000004d38        0x0 /opt/toolchains/human68k/human68k/lib/libc.a(lib_a-close.o)
 .data          0x0000000000004d38        0x0 /opt/toolchains/human68k/human68k/lib/libc.a(lib_a-closer.o)
 .data          0x0000000000004d38        0x0 /opt/toolchains/human68k/human68k/lib/libc.a(lib_a-flags.o)
 .data          0x0000000000004d38        0x0 /opt/toolchains/human68k/human68k/lib/libc.a(lib_a-fstat.o)
 .data          0x0000000000004d38        0x0 /opt/toolchains/human68k/human68k/lib/libc.a(lib_a-fvwrite.o)
 .data          0x0000000000004d38        0x0 /opt/toolchains/human68k/human68k/lib/libc.a(lib_a-isattyr.o)
 .data          0x0000000000004d38        0x0 /opt/toolchains/human68k/human68k/lib/libc.a(lib_a-lseekr.o)
 .data          0x0000000000004d38        0x0 /opt/toolchains/human68k/human68k/lib/libc.a(lib_a-memchr.o)
 .data          0x0000000000004d38        0x0 /opt/toolchains/human68k/human68k/lib/libc.a(lib_a-memcpy.o)
 .data          0x0000000000004d38        0x0 /opt/toolchains/human68k/human68k/lib/libc.a(lib_a-memmove.o)
 .data          0x0000000000004d38        0x0 /opt/toolchains/human68k/human68k/lib/libc.a(lib_a-open.o)
 .data          0x0000000000004d38        0x0 /opt/toolchains/human68k/human68k/lib/libc.a(lib_a-readr.o)
 .data          0x0000000000004d38        0x0 /opt/toolchains/human68k/human68k/lib/libc.a(lib_a-reallocr.o)
 .data          0x0000000000004d38        0x0 /opt/toolchains/human68k/human68k/lib/libc.a(lib_a-sbrk.o)
 .data          0x0000000000004d38        0x0 /opt/toolchains/human68k/human68k/lib/libc.a(lib_a-write.o)
 .data          0x0000000000004d38        0x0 /opt/toolchains/human68k/human68k/lib/libc.a(lib_a-wsetup.o)
 .data          0x0000000000004d38        0x0 /opt/toolchains/human68k/human68k/lib/libc.a(lib_a-doserror.o)
 .data          0x0000000000004d38        0x0 /opt/toolchains/human68k/human68k/lib/libc.a(lib_a-isatty.o)
 .data          0x0000000000004d38        0x0 /opt/toolchains/human68k/human68k/lib/libc.a(lib_a-lseek.o)
 .data          0x0000000000004d38        0x0 /opt/toolchains/human68k/human68k/lib/libc.a(lib_a-read.o)
 .data          0x0000000000004d38        0x0 /opt/toolchains/human68k/human68k/lib/libdos.a(libdos_a-close.o)
 .data          0x0000000000004d38        0x0 /opt/toolchains/human68k/human68k/lib/libdos.a(libdos_a-create.o)
 .data          0x0000000000004d38        0x0 /opt/toolchains/human68k/human68k/lib/libdos.a(libdos_a-exit2.o)
 .data          0x0000000000004d38        0x0 /opt/toolchains/human68k/human68k/lib/libdos.a(libdos_a-open.o)
 .data          0x0000000000004d38        0x0 /opt/toolchains/human68k/human68k/lib/libdos.a(libdos_a-read.o)
 .data          0x0000000000004d38        0x0 /opt/toolchains/human68k/human68k/lib/libdos.a(libdos_a-seek.o)
 .data          0x0000000000004d38        0x0 /opt/toolchains/human68k/human68k/lib/libdos.a(libdos_a-setblock.o)
 .data          0x0000000000004d38        0x0 /opt/toolchains/human68k/human68k/lib/libdos.a(libdos_a-super.o)
 .data          0x0000000000004d38        0x0 /opt/toolchains/human68k/human68k/lib/libdos.a(libdos_a-write.o)
 .data          0x0000000000004d38        0x0 /opt/toolchains/human68k/human68k/lib/libiocs.a(libiocs_a-b_curoff.o)
 .data          0x0000000000004d38        0x0 /opt/toolchains/human68k/human68k/lib/libiocs.a(libiocs_a-crtmod.o)
 .data          0x0000000000004d38        0x0 /opt/toolchains/human68k/human68k/lib/libiocs.a(libiocs_a-g_clr_on.o)
 .data          0x0000000000004d38        0x0 /opt/toolchains/human68k/human68k/lib/libiocs.a(libiocs_a-joyget.o)
 .data          0x0000000000004d38        0x0 /opt/toolchains/human68k/human68k/lib/libiocs.a(libiocs_a-ontime.o)
 *(.data*)
 *(.rodata)
 .rodata        0x0000000000004d38       0x5a src/main.o
                0x0000000000004d38                testprint
 .rodata        0x0000000000004d92        0x4 /opt/toolchains/human68k/human68k/lib/libc.a(lib_a-impure.o)
                0x0000000000004d92                _global_impure_ptr
 .rodata        0x0000000000004d96       0x28 /opt/toolchains/human68k/human68k/lib/libc.a(lib_a-doserror.o)
 *(.rodata*)
 .rodata.str1.1
                0x0000000000004dbe       0x53 src/main.o
 .rodata.str1.1
                0x0000000000004e11        0x2 /opt/toolchains/human68k/human68k/lib/libc.a(lib_a-impure.o)
 .rodata.str1.1
                0x0000000000004e13        0x2 /opt/toolchains/human68k/human68k/lib/libc.a(lib_a-puts.o)
 *(.gcc_exc*)
                0x0000000000004e15                ___EH_FRAME_BEGIN__ = .
 *(.eh_fram*)
                0x0000000000004e15                ___EH_FRAME_END__ = .
                0x0000000000004e18                . = ALIGN (0x4)
 *fill*         0x0000000000004e15        0x3 00
                0x0000000000004e18                edata = .
                0x0000000000004e18                _edata = .

.bss            0x0000000000004e18      0x104
 *(.bss)
 .bss           0x0000000000004e18        0x0 /opt/toolchains/human68k/bin/../lib/gcc/human68k/4.6.2/../../../../human68k/lib/crt0.o
 .bss           0x0000000000004e18        0x6 src/crtc.o
 *fill*         0x0000000000004e1e        0x2 00
 .bss           0x0000000000004e20        0x4 src/pcg.o
 .bss           0x0000000000004e24        0x0 src/main.o
 .bss           0x0000000000004e24        0x6 src/vidcon.o
 *fill*         0x0000000000004e2a        0x2 00
 .bss           0x0000000000004e2c        0x0 /opt/toolchains/human68k/human68k/lib/libc.a(lib_a-crt1.o)
 .bss           0x0000000000004e2c        0x4 /opt/toolchains/human68k/human68k/lib/libc.a(lib_a-environ.o)
 .bss           0x0000000000004e30        0x0 /opt/toolchains/human68k/human68k/lib/libc.a(lib_a-errno.o)
 .bss           0x0000000000004e30        0x0 /opt/toolchains/human68k/human68k/lib/libc.a(lib_a-exit.o)
 .bss           0x0000000000004e30        0x0 /opt/toolchains/human68k/human68k/lib/libc.a(lib_a-fclose.o)
 .bss           0x0000000000004e30        0x0 /opt/toolchains/human68k/human68k/lib/libc.a(lib_a-fds.o)
 .bss           0x0000000000004e30        0x0 /opt/toolchains/human68k/human68k/lib/libc.a(lib_a-fflush.o)
 .bss           0x0000000000004e30        0x0 /opt/toolchains/human68k/human68k/lib/libc.a(lib_a-fgetc.o)
 .bss           0x0000000000004e30        0x0 /opt/toolchains/human68k/human68k/lib/libc.a(lib_a-findfp.o)
 .bss           0x0000000000004e30        0x0 /opt/toolchains/human68k/human68k/lib/libc.a(lib_a-fopen.o)
 .bss           0x0000000000004e30        0x0 /opt/toolchains/human68k/human68k/lib/libc.a(lib_a-freer.o)
 .bss           0x0000000000004e30        0x0 /opt/toolchains/human68k/human68k/lib/libc.a(lib_a-fseek.o)
 .bss           0x0000000000004e30        0x0 /opt/toolchains/human68k/human68k/lib/libc.a(lib_a-fstatr.o)
 .bss           0x0000000000004e30        0x0 /opt/toolchains/human68k/human68k/lib/libc.a(lib_a-fwalk.o)
 .bss           0x0000000000004e30        0x0 /opt/toolchains/human68k/human68k/lib/libc.a(lib_a-impure.o)
 .bss           0x0000000000004e30        0x4 /opt/toolchains/human68k/human68k/lib/libc.a(lib_a-main.o)
 .bss           0x0000000000004e34        0x0 /opt/toolchains/human68k/human68k/lib/libc.a(lib_a-makebuf.o)
 .bss           0x0000000000004e34        0x0 /opt/toolchains/human68k/human68k/lib/libc.a(lib_a-malloc.o)
 .bss           0x0000000000004e34       0x34 /opt/toolchains/human68k/human68k/lib/libc.a(lib_a-mallocr.o)
                0x0000000000004e34                __malloc_current_mallinfo
                0x0000000000004e5c                __malloc_max_total_mem
                0x0000000000004e60                __malloc_max_sbrked_mem
                0x0000000000004e64                __malloc_top_pad
 .bss           0x0000000000004e68        0x0 /opt/toolchains/human68k/human68k/lib/libc.a(lib_a-memset.o)
 .bss           0x0000000000004e68        0x0 /opt/toolchains/human68k/human68k/lib/libc.a(lib_a-mlock.o)
 .bss           0x0000000000004e68        0x0 /opt/toolchains/human68k/human68k/lib/libc.a(lib_a-openr.o)
 .bss           0x0000000000004e68        0x0 /opt/toolchains/human68k/human68k/lib/libc.a(lib_a-puts.o)
 .bss           0x0000000000004e68        0x0 /opt/toolchains/human68k/human68k/lib/libc.a(lib_a-reent.o)
 .bss           0x0000000000004e68        0x0 /opt/toolchains/human68k/human68k/lib/libc.a(lib_a-refill.o)
 .bss           0x0000000000004e68        0x0 /opt/toolchains/human68k/human68k/lib/libc.a(lib_a-rget.o)
 .bss           0x0000000000004e68        0x0 /opt/toolchains/human68k/human68k/lib/libc.a(lib_a-sbrkr.o)
 .bss           0x0000000000004e68        0x0 /opt/toolchains/human68k/human68k/lib/libc.a(lib_a-stdio.o)
 .bss           0x0000000000004e68        0x0 /opt/toolchains/human68k/human68k/lib/libc.a(lib_a-strcat.o)
 .bss           0x0000000000004e68        0x0 /opt/toolchains/human68k/human68k/lib/libc.a(lib_a-strcpy.o)
 .bss           0x0000000000004e68        0x0 /opt/toolchains/human68k/human68k/lib/libc.a(lib_a-strdup.o)
 .bss           0x0000000000004e68        0x0 /opt/toolchains/human68k/human68k/lib/libc.a(lib_a-strdup_r.o)
 .bss           0x0000000000004e68        0x0 /opt/toolchains/human68k/human68k/lib/libc.a(lib_a-strlen.o)
 .bss           0x0000000000004e68        0x0 /opt/toolchains/human68k/human68k/lib/libc.a(lib_a-writer.o)
 .bss           0x0000000000004e68        0x0 /opt/toolchains/human68k/human68k/lib/libc.a(lib_a-close.o)
 .bss           0x0000000000004e68        0x0 /opt/toolchains/human68k/human68k/lib/libc.a(lib_a-closer.o)
 .bss           0x0000000000004e68        0x0 /opt/toolchains/human68k/human68k/lib/libc.a(lib_a-flags.o)
 .bss           0x0000000000004e68        0x0 /opt/toolchains/human68k/human68k/lib/libc.a(lib_a-fstat.o)
 .bss           0x0000000000004e68        0x0 /opt/toolchains/human68k/human68k/lib/libc.a(lib_a-fvwrite.o)
 .bss           0x0000000000004e68        0x0 /opt/toolchains/human68k/human68k/lib/libc.a(lib_a-isattyr.o)
 .bss           0x0000000000004e68        0x0 /opt/toolchains/human68k/human68k/lib/libc.a(lib_a-lseekr.o)
 .bss           0x0000000000004e68        0x0 /opt/toolchains/human68k/human68k/lib/libc.a(lib_a-memchr.o)
 .bss           0x0000000000004e68        0x0 /opt/toolchains/human68k/human68k/lib/libc.a(lib_a-memcpy.o)
 .bss           0x0000000000004e68        0x0 /opt/toolchains/human68k/human68k/lib/libc.a(lib_a-memmove.o)
 .bss           0x0000000000004e68        0x0 /opt/toolchains/human68k/human68k/lib/libc.a(lib_a-open.o)
 .bss           0x0000000000004e68        0x0 /opt/toolchains/human68k/human68k/lib/libc.a(lib_a-readr.o)
 .bss           0x0000000000004e68        0x0 /opt/toolchains/human68k/human68k/lib/libc.a(lib_a-reallocr.o)
 .bss           0x0000000000004e68        0x0 /opt/toolchains/human68k/human68k/lib/libc.a(lib_a-sbrk.o)
 .bss           0x0000000000004e68        0x0 /opt/toolchains/human68k/human68k/lib/libc.a(lib_a-write.o)
 .bss           0x0000000000004e68        0x0 /opt/toolchains/human68k/human68k/lib/libc.a(lib_a-wsetup.o)
 .bss           0x0000000000004e68        0x0 /opt/toolchains/human68k/human68k/lib/libc.a(lib_a-doserror.o)
 .bss           0x0000000000004e68        0x0 /opt/toolchains/human68k/human68k/lib/libc.a(lib_a-isatty.o)
 .bss           0x0000000000004e68        0x0 /opt/toolchains/human68k/human68k/lib/libc.a(lib_a-lseek.o)
 .bss           0x0000000000004e68        0x0 /opt/toolchains/human68k/human68k/lib/libc.a(lib_a-read.o)
 .bss           0x0000000000004e68        0x0 /opt/toolchains/human68k/human68k/lib/libdos.a(libdos_a-close.o)
 .bss           0x0000000000004e68        0x0 /opt/toolchains/human68k/human68k/lib/libdos.a(libdos_a-create.o)
 .bss           0x0000000000004e68        0x0 /opt/toolchains/human68k/human68k/lib/libdos.a(libdos_a-exit2.o)
 .bss           0x0000000000004e68        0x0 /opt/toolchains/human68k/human68k/lib/libdos.a(libdos_a-open.o)
 .bss           0x0000000000004e68        0x0 /opt/toolchains/human68k/human68k/lib/libdos.a(libdos_a-read.o)
 .bss           0x0000000000004e68        0x0 /opt/toolchains/human68k/human68k/lib/libdos.a(libdos_a-seek.o)
 .bss           0x0000000000004e68        0x0 /opt/toolchains/human68k/human68k/lib/libdos.a(libdos_a-setblock.o)
 .bss           0x0000000000004e68        0x0 /opt/toolchains/human68k/human68k/lib/libdos.a(libdos_a-super.o)
 .bss           0x0000000000004e68        0x0 /opt/toolchains/human68k/human68k/lib/libdos.a(libdos_a-write.o)
 .bss           0x0000000000004e68        0x0 /opt/toolchains/human68k/human68k/lib/libiocs.a(libiocs_a-b_curoff.o)
 .bss           0x0000000000004e68        0x0 /opt/toolchains/human68k/human68k/lib/libiocs.a(libiocs_a-crtmod.o)
 .bss           0x0000000000004e68        0x0 /opt/toolchains/human68k/human68k/lib/libiocs.a(libiocs_a-g_clr_on.o)
 .bss           0x0000000000004e68        0x0 /opt/toolchains/human68k/human68k/lib/libiocs.a(libiocs_a-joyget.o)
 .bss           0x0000000000004e68        0x0 /opt/toolchains/human68k/human68k/lib/libiocs.a(libiocs_a-ontime.o)
 *(COMMON)
 COMMON         0x0000000000004e68       0x3c /opt/toolchains/human68k/bin/../lib/gcc/human68k/4.6.2/../../../../human68k/lib/crt0.o
                0x0000000000004e68                _PSP
                0x0000000000004e6c                _SSTA
                0x0000000000004e70                _BSTA
                0x0000000000004e74                _SEND
                0x0000000000004e78                _PSTA
                0x0000000000004e7c                _DEND
                0x0000000000004e80                _HSTA
                0x0000000000004e84                _PEND
                0x0000000000004e88                _MCB
                0x0000000000004e8c                _HEND
                0x0000000000004e90                _ENV0
                0x0000000000004e94                _BEND
                0x0000000000004e98                _cmdline
                0x0000000000004e9c                _HMAX
                0x0000000000004ea0                _DSTA
 COMMON         0x0000000000004ea4       0x10 /opt/toolchains/human68k/human68k/lib/libc.a(lib_a-crt1.o)
                0x0000000000004ea4                __argc
                0x0000000000004ea8                __argv
                0x0000000000004eac                __ontime
 COMMON         0x0000000000004eb4       0x60 /opt/toolchains/human68k/human68k/lib/libc.a(lib_a-fds.o)
                0x0000000000004eb4                __fd_list
 COMMON         0x0000000000004f14        0x4 /opt/toolchains/human68k/human68k/lib/libc.a(lib_a-reent.o)
                0x0000000000004f14                errno
 COMMON         0x0000000000004f18        0x4 /opt/toolchains/human68k/human68k/lib/libc.a(lib_a-doserror.o)
                0x0000000000004f18                __doserrno
                0x0000000000004f1c                . = ALIGN (0x2)
                0x0000000000004f1c                end = .
                0x0000000000004f1c                _end = .

.comment        0x0000000000000000       0x11
 *(.comment)
 .comment       0x0000000000000000       0x11 src/crtc.o
                                         0x12 (size before relaxing)
 .comment       0x0000000000000000       0x12 src/pcg.o
 .comment       0x0000000000000000       0x12 src/main.o
 .comment       0x0000000000000000       0x12 src/vidcon.o
 .comment       0x0000000000000000       0x12 /opt/toolchains/human68k/human68k/lib/libc.a(lib_a-crt1.o)
 .comment       0x0000000000000000       0x12 /opt/toolchains/human68k/human68k/lib/libc.a(lib_a-environ.o)
 .comment       0x0000000000000000       0x12 /opt/toolchains/human68k/human68k/lib/libc.a(lib_a-errno.o)
 .comment       0x0000000000000000       0x12 /opt/toolchains/human68k/human68k/lib/libc.a(lib_a-exit.o)
 .comment       0x0000000000000000       0x12 /opt/toolchains/human68k/human68k/lib/libc.a(lib_a-fclose.o)
 .comment       0x0000000000000000       0x12 /opt/toolchains/human68k/human68k/lib/libc.a(lib_a-fds.o)
 .comment       0x0000000000000000       0x12 /opt/toolchains/human68k/human68k/lib/libc.a(lib_a-fflush.o)
 .comment       0x0000000000000000       0x12 /opt/toolchains/human68k/human68k/lib/libc.a(lib_a-fgetc.o)
 .comment       0x0000000000000000       0x12 /opt/toolchains/human68k/human68k/lib/libc.a(lib_a-findfp.o)
 .comment       0x0000000000000000       0x12 /opt/toolchains/human68k/human68k/lib/libc.a(lib_a-fopen.o)
 .comment       0x0000000000000000       0x12 /opt/toolchains/human68k/human68k/lib/libc.a(lib_a-freer.o)
 .comment       0x0000000000000000       0x12 /opt/toolchains/human68k/human68k/lib/libc.a(lib_a-fseek.o)
 .comment       0x0000000000000000       0x12 /opt/toolchains/human68k/human68k/lib/libc.a(lib_a-fstatr.o)
 .comment       0x0000000000000000       0x12 /opt/toolchains/human68k/human68k/lib/libc.a(lib_a-fwalk.o)
 .comment       0x0000000000000000       0x12 /opt/toolchains/human68k/human68k/lib/libc.a(lib_a-impure.o)
 .comment       0x0000000000000000       0x12 /opt/toolchains/human68k/human68k/lib/libc.a(lib_a-main.o)
 .comment       0x0000000000000000       0x12 /opt/toolchains/human68k/human68k/lib/libc.a(lib_a-makebuf.o)
 .comment       0x0000000000000000       0x12 /opt/toolchains/human68k/human68k/lib/libc.a(lib_a-malloc.o)
 .comment       0x0000000000000000       0x12 /opt/toolchains/human68k/human68k/lib/libc.a(lib_a-mallocr.o)
 .comment       0x0000000000000000       0x12 /opt/toolchains/human68k/human68k/lib/libc.a(lib_a-mlock.o)
 .comment       0x0000000000000000       0x12 /opt/toolchains/human68k/human68k/lib/libc.a(lib_a-openr.o)
 .comment       0x0000000000000000       0x12 /opt/toolchains/human68k/human68k/lib/libc.a(lib_a-puts.o)
 .comment       0x0000000000000000       0x12 /opt/toolchains/human68k/human68k/lib/libc.a(lib_a-reent.o)
 .comment       0x0000000000000000       0x12 /opt/toolchains/human68k/human68k/lib/libc.a(lib_a-refill.o)
 .comment       0x0000000000000000       0x12 /opt/toolchains/human68k/human68k/lib/libc.a(lib_a-rget.o)
 .comment       0x0000000000000000       0x12 /opt/toolchains/human68k/human68k/lib/libc.a(lib_a-sbrkr.o)
 .comment       0x0000000000000000       0x12 /opt/toolchains/human68k/human68k/lib/libc.a(lib_a-stdio.o)
 .comment       0x0000000000000000       0x12 /opt/toolchains/human68k/human68k/lib/libc.a(lib_a-strcat.o)
 .comment       0x0000000000000000       0x12 /opt/toolchains/human68k/human68k/lib/libc.a(lib_a-strcpy.o)
 .comment       0x0000000000000000       0x12 /opt/toolchains/human68k/human68k/lib/libc.a(lib_a-strdup.o)
 .comment       0x0000000000000000       0x12 /opt/toolchains/human68k/human68k/lib/libc.a(lib_a-strdup_r.o)
 .comment       0x0000000000000000       0x12 /opt/toolchains/human68k/human68k/lib/libc.a(lib_a-strlen.o)
 .comment       0x0000000000000000       0x12 /opt/toolchains/human68k/human68k/lib/libc.a(lib_a-writer.o)
 .comment       0x0000000000000000       0x12 /opt/toolchains/human68k/human68k/lib/libc.a(lib_a-close.o)
 .comment       0x0000000000000000       0x12 /opt/toolchains/human68k/human68k/lib/libc.a(lib_a-closer.o)
 .comment       0x0000000000000000       0x12 /opt/toolchains/human68k/human68k/lib/libc.a(lib_a-flags.o)
 .comment       0x0000000000000000       0x12 /opt/toolchains/human68k/human68k/lib/libc.a(lib_a-fstat.o)
 .comment       0x0000000000000000       0x12 /opt/toolchains/human68k/human68k/lib/libc.a(lib_a-fvwrite.o)
 .comment       0x0000000000000000       0x12 /opt/toolchains/human68k/human68k/lib/libc.a(lib_a-isattyr.o)
 .comment       0x0000000000000000       0x12 /opt/toolchains/human68k/human68k/lib/libc.a(lib_a-lseekr.o)
 .comment       0x0000000000000000       0x12 /opt/toolchains/human68k/human68k/lib/libc.a(lib_a-memchr.o)
 .comment       0x0000000000000000       0x12 /opt/toolchains/human68k/human68k/lib/libc.a(lib_a-memmove.o)
 .comment       0x0000000000000000       0x12 /opt/toolchains/human68k/human68k/lib/libc.a(lib_a-open.o)
 .comment       0x0000000000000000       0x12 /opt/toolchains/human68k/human68k/lib/libc.a(lib_a-readr.o)
 .comment       0x0000000000000000       0x12 /opt/toolchains/human68k/human68k/lib/libc.a(lib_a-reallocr.o)
 .comment       0x0000000000000000       0x12 /opt/toolchains/human68k/human68k/lib/libc.a(lib_a-sbrk.o)
 .comment       0x0000000000000000       0x12 /opt/toolchains/human68k/human68k/lib/libc.a(lib_a-write.o)
 .comment       0x0000000000000000       0x12 /opt/toolchains/human68k/human68k/lib/libc.a(lib_a-wsetup.o)
 .comment       0x0000000000000000       0x12 /opt/toolchains/human68k/human68k/lib/libc.a(lib_a-doserror.o)
 .comment       0x0000000000000000       0x12 /opt/toolchains/human68k/human68k/lib/libc.a(lib_a-isatty.o)
 .comment       0x0000000000000000       0x12 /opt/toolchains/human68k/human68k/lib/libc.a(lib_a-lseek.o)
 .comment       0x0000000000000000       0x12 /opt/toolchains/human68k/human68k/lib/libc.a(lib_a-read.o)
 *(.ident)

.stab
 *(.stab)

.stabstr
 *(.stabstr)
OUTPUT(xtracker.bin elf32-m68k)

.debug_line     0x0000000000000000     0x4dd7
 .debug_line    0x0000000000000000       0x9b /opt/toolchains/human68k/bin/../lib/gcc/human68k/4.6.2/../../../../human68k/lib/crt0.o
 .debug_line    0x000000000000009b      0x14b /opt/toolchains/human68k/human68k/lib/libc.a(lib_a-crt1.o)
 .debug_line    0x00000000000001e6       0x63 /opt/toolchains/human68k/human68k/lib/libc.a(lib_a-environ.o)
 .debug_line    0x0000000000000249      0x114 /opt/toolchains/human68k/human68k/lib/libc.a(lib_a-errno.o)
 .debug_line    0x000000000000035d       0x85 /opt/toolchains/human68k/human68k/lib/libc.a(lib_a-exit.o)
 .debug_line    0x00000000000003e2      0x1a0 /opt/toolchains/human68k/human68k/lib/libc.a(lib_a-fclose.o)
 .debug_line    0x0000000000000582       0xa5 /opt/toolchains/human68k/human68k/lib/libc.a(lib_a-fds.o)
 .debug_line    0x0000000000000627      0x1d2 /opt/toolchains/human68k/human68k/lib/libc.a(lib_a-fflush.o)
 .debug_line    0x00000000000007f9      0x1af /opt/toolchains/human68k/human68k/lib/libc.a(lib_a-fgetc.o)
 .debug_line    0x00000000000009a8      0x1e9 /opt/toolchains/human68k/human68k/lib/libc.a(lib_a-findfp.o)
 .debug_line    0x0000000000000b91      0x17a /opt/toolchains/human68k/human68k/lib/libc.a(lib_a-fopen.o)
 .debug_line    0x0000000000000d0b      0x1e6 /opt/toolchains/human68k/human68k/lib/libc.a(lib_a-freer.o)
 .debug_line    0x0000000000000ef1      0x28b /opt/toolchains/human68k/human68k/lib/libc.a(lib_a-fseek.o)
 .debug_line    0x000000000000117c      0x171 /opt/toolchains/human68k/human68k/lib/libc.a(lib_a-fstatr.o)
 .debug_line    0x00000000000012ed      0x16f /opt/toolchains/human68k/human68k/lib/libc.a(lib_a-fwalk.o)
 .debug_line    0x000000000000145c       0xfa /opt/toolchains/human68k/human68k/lib/libc.a(lib_a-impure.o)
 .debug_line    0x0000000000001556       0x7c /opt/toolchains/human68k/human68k/lib/libc.a(lib_a-main.o)
 .debug_line    0x00000000000015d2      0x1be /opt/toolchains/human68k/human68k/lib/libc.a(lib_a-makebuf.o)
 .debug_line    0x0000000000001790      0x15a /opt/toolchains/human68k/human68k/lib/libc.a(lib_a-malloc.o)
 .debug_line    0x00000000000018ea      0x30d /opt/toolchains/human68k/human68k/lib/libc.a(lib_a-mallocr.o)
 .debug_line    0x0000000000001bf7       0x9e /opt/toolchains/human68k/human68k/lib/libc.a(lib_a-memset.o)
 .debug_line    0x0000000000001c95      0x10c /opt/toolchains/human68k/human68k/lib/libc.a(lib_a-mlock.o)
 .debug_line    0x0000000000001da1      0x15b /opt/toolchains/human68k/human68k/lib/libc.a(lib_a-openr.o)
 .debug_line    0x0000000000001efc      0x173 /opt/toolchains/human68k/human68k/lib/libc.a(lib_a-puts.o)
 .debug_line    0x000000000000206f      0x153 /opt/toolchains/human68k/human68k/lib/libc.a(lib_a-reent.o)
 .debug_line    0x00000000000021c2      0x1cc /opt/toolchains/human68k/human68k/lib/libc.a(lib_a-refill.o)
 .debug_line    0x000000000000238e      0x168 /opt/toolchains/human68k/human68k/lib/libc.a(lib_a-rget.o)
 .debug_line    0x00000000000024f6      0x15b /opt/toolchains/human68k/human68k/lib/libc.a(lib_a-sbrkr.o)
 .debug_line    0x0000000000002651      0x180 /opt/toolchains/human68k/human68k/lib/libc.a(lib_a-stdio.o)
 .debug_line    0x00000000000027d1       0xe9 /opt/toolchains/human68k/human68k/lib/libc.a(lib_a-strcat.o)
 .debug_line    0x00000000000028ba       0xc8 /opt/toolchains/human68k/human68k/lib/libc.a(lib_a-strcpy.o)
 .debug_line    0x0000000000002982      0x154 /opt/toolchains/human68k/human68k/lib/libc.a(lib_a-strdup.o)
 .debug_line    0x0000000000002ad6      0x159 /opt/toolchains/human68k/human68k/lib/libc.a(lib_a-strdup_r.o)
 .debug_line    0x0000000000002c2f       0xff /opt/toolchains/human68k/human68k/lib/libc.a(lib_a-strlen.o)
 .debug_line    0x0000000000002d2e      0x15c /opt/toolchains/human68k/human68k/lib/libc.a(lib_a-writer.o)
 .debug_line    0x0000000000002e8a       0x7c /opt/toolchains/human68k/human68k/lib/libc.a(lib_a-close.o)
 .debug_line    0x0000000000002f06      0x15c /opt/toolchains/human68k/human68k/lib/libc.a(lib_a-closer.o)
 .debug_line    0x0000000000003062      0x13c /opt/toolchains/human68k/human68k/lib/libc.a(lib_a-flags.o)
 .debug_line    0x000000000000319e       0xe1 /opt/toolchains/human68k/human68k/lib/libc.a(lib_a-fstat.o)
 .debug_line    0x000000000000327f      0x26f /opt/toolchains/human68k/human68k/lib/libc.a(lib_a-fvwrite.o)
 .debug_line    0x00000000000034ee      0x15d /opt/toolchains/human68k/human68k/lib/libc.a(lib_a-isattyr.o)
 .debug_line    0x000000000000364b      0x15c /opt/toolchains/human68k/human68k/lib/libc.a(lib_a-lseekr.o)
 .debug_line    0x00000000000037a7      0x12f /opt/toolchains/human68k/human68k/lib/libc.a(lib_a-memchr.o)
 .debug_line    0x00000000000038d6       0x9a /opt/toolchains/human68k/human68k/lib/libc.a(lib_a-memcpy.o)
 .debug_line    0x0000000000003970      0x14f /opt/toolchains/human68k/human68k/lib/libc.a(lib_a-memmove.o)
 .debug_line    0x0000000000003abf       0xd8 /opt/toolchains/human68k/human68k/lib/libc.a(lib_a-open.o)
 .debug_line    0x0000000000003b97      0x15b /opt/toolchains/human68k/human68k/lib/libc.a(lib_a-readr.o)
 .debug_line    0x0000000000003cf2      0x2b3 /opt/toolchains/human68k/human68k/lib/libc.a(lib_a-reallocr.o)
 .debug_line    0x0000000000003fa5      0x160 /opt/toolchains/human68k/human68k/lib/libc.a(lib_a-sbrk.o)
 .debug_line    0x0000000000004105      0x108 /opt/toolchains/human68k/human68k/lib/libc.a(lib_a-write.o)
 .debug_line    0x000000000000420d      0x1ad /opt/toolchains/human68k/human68k/lib/libc.a(lib_a-wsetup.o)
 .debug_line    0x00000000000043ba       0xe0 /opt/toolchains/human68k/human68k/lib/libc.a(lib_a-doserror.o)
 .debug_line    0x000000000000449a       0x7c /opt/toolchains/human68k/human68k/lib/libc.a(lib_a-isatty.o)
 .debug_line    0x0000000000004516       0xd2 /opt/toolchains/human68k/human68k/lib/libc.a(lib_a-lseek.o)
 .debug_line    0x00000000000045e8       0xae /opt/toolchains/human68k/human68k/lib/libc.a(lib_a-read.o)
 .debug_line    0x0000000000004696       0x83 /opt/toolchains/human68k/human68k/lib/libdos.a(libdos_a-close.o)
 .debug_line    0x0000000000004719       0x85 /opt/toolchains/human68k/human68k/lib/libdos.a(libdos_a-create.o)
 .debug_line    0x000000000000479e       0x81 /opt/toolchains/human68k/human68k/lib/libdos.a(libdos_a-exit2.o)
 .debug_line    0x000000000000481f       0x83 /opt/toolchains/human68k/human68k/lib/libdos.a(libdos_a-open.o)
 .debug_line    0x00000000000048a2       0x84 /opt/toolchains/human68k/human68k/lib/libdos.a(libdos_a-read.o)
 .debug_line    0x0000000000004926       0x84 /opt/toolchains/human68k/human68k/lib/libdos.a(libdos_a-seek.o)
 .debug_line    0x00000000000049aa       0x87 /opt/toolchains/human68k/human68k/lib/libdos.a(libdos_a-setblock.o)
 .debug_line    0x0000000000004a31       0x82 /opt/toolchains/human68k/human68k/lib/libdos.a(libdos_a-super.o)
 .debug_line    0x0000000000004ab3       0x85 /opt/toolchains/human68k/human68k/lib/libdos.a(libdos_a-write.o)
 .debug_line    0x0000000000004b38       0x87 /opt/toolchains/human68k/human68k/lib/libiocs.a(libiocs_a-b_curoff.o)
 .debug_line    0x0000000000004bbf       0x86 /opt/toolchains/human68k/human68k/lib/libiocs.a(libiocs_a-crtmod.o)
 .debug_line    0x0000000000004c45       0x87 /opt/toolchains/human68k/human68k/lib/libiocs.a(libiocs_a-g_clr_on.o)
 .debug_line    0x0000000000004ccc       0x86 /opt/toolchains/human68k/human68k/lib/libiocs.a(libiocs_a-joyget.o)
 .debug_line    0x0000000000004d52       0x85 /opt/toolchains/human68k/human68k/lib/libiocs.a(libiocs_a-ontime.o)

.debug_info     0x0000000000000000    0x17a63
 .debug_info    0x0000000000000000       0xb1 /opt/toolchains/human68k/bin/../lib/gcc/human68k/4.6.2/../../../../human68k/lib/crt0.o
 .debug_info    0x00000000000000b1      0x463 /opt/toolchains/human68k/human68k/lib/libc.a(lib_a-crt1.o)
 .debug_info    0x0000000000000514       0x73 /opt/toolchains/human68k/human68k/lib/libc.a(lib_a-environ.o)
 .debug_info    0x0000000000000587      0x964 /opt/toolchains/human68k/human68k/lib/libc.a(lib_a-errno.o)
 .debug_info    0x0000000000000eeb       0xff /opt/toolchains/human68k/human68k/lib/libc.a(lib_a-exit.o)
 .debug_info    0x0000000000000fea      0x9c8 /opt/toolchains/human68k/human68k/lib/libc.a(lib_a-fclose.o)
 .debug_info    0x00000000000019b2      0x1ad /opt/toolchains/human68k/human68k/lib/libc.a(lib_a-fds.o)
 .debug_info    0x0000000000001b5f      0xaab /opt/toolchains/human68k/human68k/lib/libc.a(lib_a-fflush.o)
 .debug_info    0x000000000000260a      0x9d9 /opt/toolchains/human68k/human68k/lib/libc.a(lib_a-fgetc.o)
 .debug_info    0x0000000000002fe3      0xbf9 /opt/toolchains/human68k/human68k/lib/libc.a(lib_a-findfp.o)
 .debug_info    0x0000000000003bdc      0xa12 /opt/toolchains/human68k/human68k/lib/libc.a(lib_a-fopen.o)
 .debug_info    0x00000000000045ee      0xc3b /opt/toolchains/human68k/human68k/lib/libc.a(lib_a-freer.o)
 .debug_info    0x0000000000005229      0xc0c /opt/toolchains/human68k/human68k/lib/libc.a(lib_a-fseek.o)
 .debug_info    0x0000000000005e35      0xb2c /opt/toolchains/human68k/human68k/lib/libc.a(lib_a-fstatr.o)
 .debug_info    0x0000000000006961      0xb33 /opt/toolchains/human68k/human68k/lib/libc.a(lib_a-fwalk.o)
 .debug_info    0x0000000000007494      0x965 /opt/toolchains/human68k/human68k/lib/libc.a(lib_a-impure.o)
 .debug_info    0x0000000000007df9       0xc8 /opt/toolchains/human68k/human68k/lib/libc.a(lib_a-main.o)
 .debug_info    0x0000000000007ec1      0xb41 /opt/toolchains/human68k/human68k/lib/libc.a(lib_a-makebuf.o)
 .debug_info    0x0000000000008a02      0x9a4 /opt/toolchains/human68k/human68k/lib/libc.a(lib_a-malloc.o)
 .debug_info    0x00000000000093a6      0xd68 /opt/toolchains/human68k/human68k/lib/libc.a(lib_a-mallocr.o)
 .debug_info    0x000000000000a10e       0xb3 /opt/toolchains/human68k/human68k/lib/libc.a(lib_a-memset.o)
 .debug_info    0x000000000000a1c1      0x983 /opt/toolchains/human68k/human68k/lib/libc.a(lib_a-mlock.o)
 .debug_info    0x000000000000ab44      0x9a6 /opt/toolchains/human68k/human68k/lib/libc.a(lib_a-openr.o)
 .debug_info    0x000000000000b4ea      0xa59 /opt/toolchains/human68k/human68k/lib/libc.a(lib_a-puts.o)
 .debug_info    0x000000000000bf43      0xa60 /opt/toolchains/human68k/human68k/lib/libc.a(lib_a-reent.o)
 .debug_info    0x000000000000c9a3      0x9be /opt/toolchains/human68k/human68k/lib/libc.a(lib_a-refill.o)
 .debug_info    0x000000000000d361      0x9bb /opt/toolchains/human68k/human68k/lib/libc.a(lib_a-rget.o)
 .debug_info    0x000000000000dd1c      0x9a9 /opt/toolchains/human68k/human68k/lib/libc.a(lib_a-sbrkr.o)
 .debug_info    0x000000000000e6c5      0xb26 /opt/toolchains/human68k/human68k/lib/libc.a(lib_a-stdio.o)
 .debug_info    0x000000000000f1eb       0xe4 /opt/toolchains/human68k/human68k/lib/libc.a(lib_a-strcat.o)
 .debug_info    0x000000000000f2cf       0xd5 /opt/toolchains/human68k/human68k/lib/libc.a(lib_a-strcpy.o)
 .debug_info    0x000000000000f3a4      0x971 /opt/toolchains/human68k/human68k/lib/libc.a(lib_a-strdup.o)
 .debug_info    0x000000000000fd15      0x988 /opt/toolchains/human68k/human68k/lib/libc.a(lib_a-strdup_r.o)
 .debug_info    0x000000000001069d       0xcc /opt/toolchains/human68k/human68k/lib/libc.a(lib_a-strlen.o)
 .debug_info    0x0000000000010769      0x9c2 /opt/toolchains/human68k/human68k/lib/libc.a(lib_a-writer.o)
 .debug_info    0x000000000001112b       0x7e /opt/toolchains/human68k/human68k/lib/libc.a(lib_a-close.o)
 .debug_info    0x00000000000111a9      0x989 /opt/toolchains/human68k/human68k/lib/libc.a(lib_a-closer.o)
 .debug_info    0x0000000000011b32      0x9a0 /opt/toolchains/human68k/human68k/lib/libc.a(lib_a-flags.o)
 .debug_info    0x00000000000124d2      0x240 /opt/toolchains/human68k/human68k/lib/libc.a(lib_a-fstat.o)
 .debug_info    0x0000000000012712      0xaaf /opt/toolchains/human68k/human68k/lib/libc.a(lib_a-fvwrite.o)
 .debug_info    0x00000000000131c1      0x989 /opt/toolchains/human68k/human68k/lib/libc.a(lib_a-isattyr.o)
 .debug_info    0x0000000000013b4a      0x9b0 /opt/toolchains/human68k/human68k/lib/libc.a(lib_a-lseekr.o)
 .debug_info    0x00000000000144fa      0x122 /opt/toolchains/human68k/human68k/lib/libc.a(lib_a-memchr.o)
 .debug_info    0x000000000001461c       0xb3 /opt/toolchains/human68k/human68k/lib/libc.a(lib_a-memcpy.o)
 .debug_info    0x00000000000146cf      0x12e /opt/toolchains/human68k/human68k/lib/libc.a(lib_a-memmove.o)
 .debug_info    0x00000000000147fd       0xc4 /opt/toolchains/human68k/human68k/lib/libc.a(lib_a-open.o)
 .debug_info    0x00000000000148c1      0x9bb /opt/toolchains/human68k/human68k/lib/libc.a(lib_a-readr.o)
 .debug_info    0x000000000001527c      0xc00 /opt/toolchains/human68k/human68k/lib/libc.a(lib_a-reallocr.o)
 .debug_info    0x0000000000015e7c      0x324 /opt/toolchains/human68k/human68k/lib/libc.a(lib_a-sbrk.o)
 .debug_info    0x00000000000161a0      0x1a1 /opt/toolchains/human68k/human68k/lib/libc.a(lib_a-write.o)
 .debug_info    0x0000000000016341      0x98f /opt/toolchains/human68k/human68k/lib/libc.a(lib_a-wsetup.o)
 .debug_info    0x0000000000016cd0       0xe4 /opt/toolchains/human68k/human68k/lib/libc.a(lib_a-doserror.o)
 .debug_info    0x0000000000016db4       0x59 /opt/toolchains/human68k/human68k/lib/libc.a(lib_a-isatty.o)
 .debug_info    0x0000000000016e0d       0xcc /opt/toolchains/human68k/human68k/lib/libc.a(lib_a-lseek.o)
 .debug_info    0x0000000000016ed9       0xcc /opt/toolchains/human68k/human68k/lib/libc.a(lib_a-read.o)
 .debug_info    0x0000000000016fa5       0xc3 /opt/toolchains/human68k/human68k/lib/libdos.a(libdos_a-close.o)
 .debug_info    0x0000000000017068       0xc4 /opt/toolchains/human68k/human68k/lib/libdos.a(libdos_a-create.o)
 .debug_info    0x000000000001712c       0xc3 /opt/toolchains/human68k/human68k/lib/libdos.a(libdos_a-exit2.o)
 .debug_info    0x00000000000171ef       0xc2 /opt/toolchains/human68k/human68k/lib/libdos.a(libdos_a-open.o)
 .debug_info    0x00000000000172b1       0xc2 /opt/toolchains/human68k/human68k/lib/libdos.a(libdos_a-read.o)
 .debug_info    0x0000000000017373       0xc2 /opt/toolchains/human68k/human68k/lib/libdos.a(libdos_a-seek.o)
 .debug_info    0x0000000000017435       0xc6 /opt/toolchains/human68k/human68k/lib/libdos.a(libdos_a-setblock.o)
 .debug_info    0x00000000000174fb       0xc3 /opt/toolchains/human68k/human68k/lib/libdos.a(libdos_a-super.o)
 .debug_info    0x00000000000175be       0xc3 /opt/toolchains/human68k/human68k/lib/libdos.a(libdos_a-write.o)
 .debug_info    0x0000000000017681       0xc8 /opt/toolchains/human68k/human68k/lib/libiocs.a(libiocs_a-b_curoff.o)
 .debug_info    0x0000000000017749       0xc6 /opt/toolchains/human68k/human68k/lib/libiocs.a(libiocs_a-crtmod.o)
 .debug_info    0x000000000001780f       0xc8 /opt/toolchains/human68k/human68k/lib/libiocs.a(libiocs_a-g_clr_on.o)
 .debug_info    0x00000000000178d7       0xc6 /opt/toolchains/human68k/human68k/lib/libiocs.a(libiocs_a-joyget.o)
 .debug_info    0x000000000001799d       0xc6 /opt/toolchains/human68k/human68k/lib/libiocs.a(libiocs_a-ontime.o)

.debug_abbrev   0x0000000000000000     0x4596
 .debug_abbrev  0x0000000000000000       0x14 /opt/toolchains/human68k/bin/../lib/gcc/human68k/4.6.2/../../../../human68k/lib/crt0.o
 .debug_abbrev  0x0000000000000014      0x12b /opt/toolchains/human68k/human68k/lib/libc.a(lib_a-crt1.o)
 .debug_abbrev  0x000000000000013f       0x5a /opt/toolchains/human68k/human68k/lib/libc.a(lib_a-environ.o)
 .debug_abbrev  0x0000000000000199      0x16e /opt/toolchains/human68k/human68k/lib/libc.a(lib_a-errno.o)
 .debug_abbrev  0x0000000000000307       0xa0 /opt/toolchains/human68k/human68k/lib/libc.a(lib_a-exit.o)
 .debug_abbrev  0x00000000000003a7      0x1b6 /opt/toolchains/human68k/human68k/lib/libc.a(lib_a-fclose.o)
 .debug_abbrev  0x000000000000055d      0x11b /opt/toolchains/human68k/human68k/lib/libc.a(lib_a-fds.o)
 .debug_abbrev  0x0000000000000678      0x207 /opt/toolchains/human68k/human68k/lib/libc.a(lib_a-fflush.o)
 .debug_abbrev  0x000000000000087f      0x1a7 /opt/toolchains/human68k/human68k/lib/libc.a(lib_a-fgetc.o)
 .debug_abbrev  0x0000000000000a26      0x272 /opt/toolchains/human68k/human68k/lib/libc.a(lib_a-findfp.o)
 .debug_abbrev  0x0000000000000c98      0x1c5 /opt/toolchains/human68k/human68k/lib/libc.a(lib_a-fopen.o)
 .debug_abbrev  0x0000000000000e5d      0x1ea /opt/toolchains/human68k/human68k/lib/libc.a(lib_a-freer.o)
 .debug_abbrev  0x0000000000001047      0x217 /opt/toolchains/human68k/human68k/lib/libc.a(lib_a-fseek.o)
 .debug_abbrev  0x000000000000125e      0x19d /opt/toolchains/human68k/human68k/lib/libc.a(lib_a-fstatr.o)
 .debug_abbrev  0x00000000000013fb      0x207 /opt/toolchains/human68k/human68k/lib/libc.a(lib_a-fwalk.o)
 .debug_abbrev  0x0000000000001602      0x166 /opt/toolchains/human68k/human68k/lib/libc.a(lib_a-impure.o)
 .debug_abbrev  0x0000000000001768       0x9c /opt/toolchains/human68k/human68k/lib/libc.a(lib_a-main.o)
 .debug_abbrev  0x0000000000001804      0x199 /opt/toolchains/human68k/human68k/lib/libc.a(lib_a-makebuf.o)
 .debug_abbrev  0x000000000000199d      0x196 /opt/toolchains/human68k/human68k/lib/libc.a(lib_a-malloc.o)
 .debug_abbrev  0x0000000000001b33      0x233 /opt/toolchains/human68k/human68k/lib/libc.a(lib_a-mallocr.o)
 .debug_abbrev  0x0000000000001d66       0x14 /opt/toolchains/human68k/human68k/lib/libc.a(lib_a-memset.o)
 .debug_abbrev  0x0000000000001d7a      0x179 /opt/toolchains/human68k/human68k/lib/libc.a(lib_a-mlock.o)
 .debug_abbrev  0x0000000000001ef3      0x19d /opt/toolchains/human68k/human68k/lib/libc.a(lib_a-openr.o)
 .debug_abbrev  0x0000000000002090      0x1bb /opt/toolchains/human68k/human68k/lib/libc.a(lib_a-puts.o)
 .debug_abbrev  0x000000000000224b      0x1f5 /opt/toolchains/human68k/human68k/lib/libc.a(lib_a-reent.o)
 .debug_abbrev  0x0000000000002440      0x196 /opt/toolchains/human68k/human68k/lib/libc.a(lib_a-refill.o)
 .debug_abbrev  0x00000000000025d6      0x198 /opt/toolchains/human68k/human68k/lib/libc.a(lib_a-rget.o)
 .debug_abbrev  0x000000000000276e      0x1b0 /opt/toolchains/human68k/human68k/lib/libc.a(lib_a-sbrkr.o)
 .debug_abbrev  0x000000000000291e      0x1b0 /opt/toolchains/human68k/human68k/lib/libc.a(lib_a-stdio.o)
 .debug_abbrev  0x0000000000002ace       0x96 /opt/toolchains/human68k/human68k/lib/libc.a(lib_a-strcat.o)
 .debug_abbrev  0x0000000000002b64       0x7e /opt/toolchains/human68k/human68k/lib/libc.a(lib_a-strcpy.o)
 .debug_abbrev  0x0000000000002be2      0x17f /opt/toolchains/human68k/human68k/lib/libc.a(lib_a-strdup.o)
 .debug_abbrev  0x0000000000002d61      0x199 /opt/toolchains/human68k/human68k/lib/libc.a(lib_a-strdup_r.o)
 .debug_abbrev  0x0000000000002efa       0x7c /opt/toolchains/human68k/human68k/lib/libc.a(lib_a-strlen.o)
 .debug_abbrev  0x0000000000002f76      0x193 /opt/toolchains/human68k/human68k/lib/libc.a(lib_a-writer.o)
 .debug_abbrev  0x0000000000003109       0x50 /opt/toolchains/human68k/human68k/lib/libc.a(lib_a-close.o)
 .debug_abbrev  0x0000000000003159      0x18e /opt/toolchains/human68k/human68k/lib/libc.a(lib_a-closer.o)
 .debug_abbrev  0x00000000000032e7      0x18c /opt/toolchains/human68k/human68k/lib/libc.a(lib_a-flags.o)
 .debug_abbrev  0x0000000000003473       0x98 /opt/toolchains/human68k/human68k/lib/libc.a(lib_a-fstat.o)
 .debug_abbrev  0x000000000000350b      0x1a5 /opt/toolchains/human68k/human68k/lib/libc.a(lib_a-fvwrite.o)
 .debug_abbrev  0x00000000000036b0      0x18e /opt/toolchains/human68k/human68k/lib/libc.a(lib_a-isattyr.o)
 .debug_abbrev  0x000000000000383e      0x19d /opt/toolchains/human68k/human68k/lib/libc.a(lib_a-lseekr.o)
 .debug_abbrev  0x00000000000039db       0xd5 /opt/toolchains/human68k/human68k/lib/libc.a(lib_a-memchr.o)
 .debug_abbrev  0x0000000000003ab0       0x14 /opt/toolchains/human68k/human68k/lib/libc.a(lib_a-memcpy.o)
 .debug_abbrev  0x0000000000003ac4       0xa8 /opt/toolchains/human68k/human68k/lib/libc.a(lib_a-memmove.o)
 .debug_abbrev  0x0000000000003b6c       0x83 /opt/toolchains/human68k/human68k/lib/libc.a(lib_a-open.o)
 .debug_abbrev  0x0000000000003bef      0x18e /opt/toolchains/human68k/human68k/lib/libc.a(lib_a-readr.o)
 .debug_abbrev  0x0000000000003d7d      0x1d2 /opt/toolchains/human68k/human68k/lib/libc.a(lib_a-reallocr.o)
 .debug_abbrev  0x0000000000003f4f       0xdb /opt/toolchains/human68k/human68k/lib/libc.a(lib_a-sbrk.o)
 .debug_abbrev  0x000000000000402a      0x10a /opt/toolchains/human68k/human68k/lib/libc.a(lib_a-write.o)
 .debug_abbrev  0x0000000000004134      0x17f /opt/toolchains/human68k/human68k/lib/libc.a(lib_a-wsetup.o)
 .debug_abbrev  0x00000000000042b3       0x9c /opt/toolchains/human68k/human68k/lib/libc.a(lib_a-doserror.o)
 .debug_abbrev  0x000000000000434f       0x47 /opt/toolchains/human68k/human68k/lib/libc.a(lib_a-isatty.o)
 .debug_abbrev  0x0000000000004396       0x6c /opt/toolchains/human68k/human68k/lib/libc.a(lib_a-lseek.o)
 .debug_abbrev  0x0000000000004402       0x7c /opt/toolchains/human68k/human68k/lib/libc.a(lib_a-read.o)
 .debug_abbrev  0x000000000000447e       0x14 /opt/toolchains/human68k/human68k/lib/libdos.a(libdos_a-close.o)
 .debug_abbrev  0x0000000000004492       0x14 /opt/toolchains/human68k/human68k/lib/libdos.a(libdos_a-create.o)
 .debug_abbrev  0x00000000000044a6       0x14 /opt/toolchains/human68k/human68k/lib/libdos.a(libdos_a-exit2.o)
 .debug_abbrev  0x00000000000044ba       0x14 /opt/toolchains/human68k/human68k/lib/libdos.a(libdos_a-open.o)
 .debug_abbrev  0x00000000000044ce       0x14 /opt/toolchains/human68k/human68k/lib/libdos.a(libdos_a-read.o)
 .debug_abbrev  0x00000000000044e2       0x14 /opt/toolchains/human68k/human68k/lib/libdos.a(libdos_a-seek.o)
 .debug_abbrev  0x00000000000044f6       0x14 /opt/toolchains/human68k/human68k/lib/libdos.a(libdos_a-setblock.o)
 .debug_abbrev  0x000000000000450a       0x14 /opt/toolchains/human68k/human68k/lib/libdos.a(libdos_a-super.o)
 .debug_abbrev  0x000000000000451e       0x14 /opt/toolchains/human68k/human68k/lib/libdos.a(libdos_a-write.o)
 .debug_abbrev  0x0000000000004532       0x14 /opt/toolchains/human68k/human68k/lib/libiocs.a(libiocs_a-b_curoff.o)
 .debug_abbrev  0x0000000000004546       0x14 /opt/toolchains/human68k/human68k/lib/libiocs.a(libiocs_a-crtmod.o)
 .debug_abbrev  0x000000000000455a       0x14 /opt/toolchains/human68k/human68k/lib/libiocs.a(libiocs_a-g_clr_on.o)
 .debug_abbrev  0x000000000000456e       0x14 /opt/toolchains/human68k/human68k/lib/libiocs.a(libiocs_a-joyget.o)
 .debug_abbrev  0x0000000000004582       0x14 /opt/toolchains/human68k/human68k/lib/libiocs.a(libiocs_a-ontime.o)

.debug_aranges  0x0000000000000000      0x860
 .debug_aranges
                0x0000000000000000       0x20 /opt/toolchains/human68k/bin/../lib/gcc/human68k/4.6.2/../../../../human68k/lib/crt0.o
 .debug_aranges
                0x0000000000000020       0x20 /opt/toolchains/human68k/human68k/lib/libc.a(lib_a-crt1.o)
 .debug_aranges
                0x0000000000000040       0x20 /opt/toolchains/human68k/human68k/lib/libc.a(lib_a-errno.o)
 .debug_aranges
                0x0000000000000060       0x20 /opt/toolchains/human68k/human68k/lib/libc.a(lib_a-exit.o)
 .debug_aranges
                0x0000000000000080       0x20 /opt/toolchains/human68k/human68k/lib/libc.a(lib_a-fclose.o)
 .debug_aranges
                0x00000000000000a0       0x20 /opt/toolchains/human68k/human68k/lib/libc.a(lib_a-fds.o)
 .debug_aranges
                0x00000000000000c0       0x20 /opt/toolchains/human68k/human68k/lib/libc.a(lib_a-fflush.o)
 .debug_aranges
                0x00000000000000e0       0x20 /opt/toolchains/human68k/human68k/lib/libc.a(lib_a-fgetc.o)
 .debug_aranges
                0x0000000000000100       0x20 /opt/toolchains/human68k/human68k/lib/libc.a(lib_a-findfp.o)
 .debug_aranges
                0x0000000000000120       0x20 /opt/toolchains/human68k/human68k/lib/libc.a(lib_a-fopen.o)
 .debug_aranges
                0x0000000000000140       0x20 /opt/toolchains/human68k/human68k/lib/libc.a(lib_a-freer.o)
 .debug_aranges
                0x0000000000000160       0x20 /opt/toolchains/human68k/human68k/lib/libc.a(lib_a-fseek.o)
 .debug_aranges
                0x0000000000000180       0x20 /opt/toolchains/human68k/human68k/lib/libc.a(lib_a-fstatr.o)
 .debug_aranges
                0x00000000000001a0       0x20 /opt/toolchains/human68k/human68k/lib/libc.a(lib_a-fwalk.o)
 .debug_aranges
                0x00000000000001c0       0x20 /opt/toolchains/human68k/human68k/lib/libc.a(lib_a-main.o)
 .debug_aranges
                0x00000000000001e0       0x20 /opt/toolchains/human68k/human68k/lib/libc.a(lib_a-makebuf.o)
 .debug_aranges
                0x0000000000000200       0x20 /opt/toolchains/human68k/human68k/lib/libc.a(lib_a-malloc.o)
 .debug_aranges
                0x0000000000000220       0x20 /opt/toolchains/human68k/human68k/lib/libc.a(lib_a-mallocr.o)
 .debug_aranges
                0x0000000000000240       0x20 /opt/toolchains/human68k/human68k/lib/libc.a(lib_a-memset.o)
 .debug_aranges
                0x0000000000000260       0x20 /opt/toolchains/human68k/human68k/lib/libc.a(lib_a-mlock.o)
 .debug_aranges
                0x0000000000000280       0x20 /opt/toolchains/human68k/human68k/lib/libc.a(lib_a-openr.o)
 .debug_aranges
                0x00000000000002a0       0x20 /opt/toolchains/human68k/human68k/lib/libc.a(lib_a-puts.o)
 .debug_aranges
                0x00000000000002c0       0x20 /opt/toolchains/human68k/human68k/lib/libc.a(lib_a-reent.o)
 .debug_aranges
                0x00000000000002e0       0x20 /opt/toolchains/human68k/human68k/lib/libc.a(lib_a-refill.o)
 .debug_aranges
                0x0000000000000300       0x20 /opt/toolchains/human68k/human68k/lib/libc.a(lib_a-rget.o)
 .debug_aranges
                0x0000000000000320       0x20 /opt/toolchains/human68k/human68k/lib/libc.a(lib_a-sbrkr.o)
 .debug_aranges
                0x0000000000000340       0x20 /opt/toolchains/human68k/human68k/lib/libc.a(lib_a-stdio.o)
 .debug_aranges
                0x0000000000000360       0x20 /opt/toolchains/human68k/human68k/lib/libc.a(lib_a-strcat.o)
 .debug_aranges
                0x0000000000000380       0x20 /opt/toolchains/human68k/human68k/lib/libc.a(lib_a-strcpy.o)
 .debug_aranges
                0x00000000000003a0       0x20 /opt/toolchains/human68k/human68k/lib/libc.a(lib_a-strdup.o)
 .debug_aranges
                0x00000000000003c0       0x20 /opt/toolchains/human68k/human68k/lib/libc.a(lib_a-strdup_r.o)
 .debug_aranges
                0x00000000000003e0       0x20 /opt/toolchains/human68k/human68k/lib/libc.a(lib_a-strlen.o)
 .debug_aranges
                0x0000000000000400       0x20 /opt/toolchains/human68k/human68k/lib/libc.a(lib_a-writer.o)
 .debug_aranges
                0x0000000000000420       0x20 /opt/toolchains/human68k/human68k/lib/libc.a(lib_a-close.o)
 .debug_aranges
                0x0000000000000440       0x20 /opt/toolchains/human68k/human68k/lib/libc.a(lib_a-closer.o)
 .debug_aranges
                0x0000000000000460       0x20 /opt/toolchains/human68k/human68k/lib/libc.a(lib_a-flags.o)
 .debug_aranges
                0x0000000000000480       0x20 /opt/toolchains/human68k/human68k/lib/libc.a(lib_a-fstat.o)
 .debug_aranges
                0x00000000000004a0       0x20 /opt/toolchains/human68k/human68k/lib/libc.a(lib_a-fvwrite.o)
 .debug_aranges
                0x00000000000004c0       0x20 /opt/toolchains/human68k/human68k/lib/libc.a(lib_a-isattyr.o)
 .debug_aranges
                0x00000000000004e0       0x20 /opt/toolchains/human68k/human68k/lib/libc.a(lib_a-lseekr.o)
 .debug_aranges
                0x0000000000000500       0x20 /opt/toolchains/human68k/human68k/lib/libc.a(lib_a-memchr.o)
 .debug_aranges
                0x0000000000000520       0x20 /opt/toolchains/human68k/human68k/lib/libc.a(lib_a-memcpy.o)
 .debug_aranges
                0x0000000000000540       0x20 /opt/toolchains/human68k/human68k/lib/libc.a(lib_a-memmove.o)
 .debug_aranges
                0x0000000000000560       0x20 /opt/toolchains/human68k/human68k/lib/libc.a(lib_a-open.o)
 .debug_aranges
                0x0000000000000580       0x20 /opt/toolchains/human68k/human68k/lib/libc.a(lib_a-readr.o)
 .debug_aranges
                0x00000000000005a0       0x20 /opt/toolchains/human68k/human68k/lib/libc.a(lib_a-reallocr.o)
 .debug_aranges
                0x00000000000005c0       0x20 /opt/toolchains/human68k/human68k/lib/libc.a(lib_a-sbrk.o)
 .debug_aranges
                0x00000000000005e0       0x20 /opt/toolchains/human68k/human68k/lib/libc.a(lib_a-write.o)
 .debug_aranges
                0x0000000000000600       0x20 /opt/toolchains/human68k/human68k/lib/libc.a(lib_a-wsetup.o)
 .debug_aranges
                0x0000000000000620       0x20 /opt/toolchains/human68k/human68k/lib/libc.a(lib_a-doserror.o)
 .debug_aranges
                0x0000000000000640       0x20 /opt/toolchains/human68k/human68k/lib/libc.a(lib_a-isatty.o)
 .debug_aranges
                0x0000000000000660       0x20 /opt/toolchains/human68k/human68k/lib/libc.a(lib_a-lseek.o)
 .debug_aranges
                0x0000000000000680       0x20 /opt/toolchains/human68k/human68k/lib/libc.a(lib_a-read.o)
 .debug_aranges
                0x00000000000006a0       0x20 /opt/toolchains/human68k/human68k/lib/libdos.a(libdos_a-close.o)
 .debug_aranges
                0x00000000000006c0       0x20 /opt/toolchains/human68k/human68k/lib/libdos.a(libdos_a-create.o)
 .debug_aranges
                0x00000000000006e0       0x20 /opt/toolchains/human68k/human68k/lib/libdos.a(libdos_a-exit2.o)
 .debug_aranges
                0x0000000000000700       0x20 /opt/toolchains/human68k/human68k/lib/libdos.a(libdos_a-open.o)
 .debug_aranges
                0x0000000000000720       0x20 /opt/toolchains/human68k/human68k/lib/libdos.a(libdos_a-read.o)
 .debug_aranges
                0x0000000000000740       0x20 /opt/toolchains/human68k/human68k/lib/libdos.a(libdos_a-seek.o)
 .debug_aranges
                0x0000000000000760       0x20 /opt/toolchains/human68k/human68k/lib/libdos.a(libdos_a-setblock.o)
 .debug_aranges
                0x0000000000000780       0x20 /opt/toolchains/human68k/human68k/lib/libdos.a(libdos_a-super.o)
 .debug_aranges
                0x00000000000007a0       0x20 /opt/toolchains/human68k/human68k/lib/libdos.a(libdos_a-write.o)
 .debug_aranges
                0x00000000000007c0       0x20 /opt/toolchains/human68k/human68k/lib/libiocs.a(libiocs_a-b_curoff.o)
 .debug_aranges
                0x00000000000007e0       0x20 /opt/toolchains/human68k/human68k/lib/libiocs.a(libiocs_a-crtmod.o)
 .debug_aranges
                0x0000000000000800       0x20 /opt/toolchains/human68k/human68k/lib/libiocs.a(libiocs_a-g_clr_on.o)
 .debug_aranges
                0x0000000000000820       0x20 /opt/toolchains/human68k/human68k/lib/libiocs.a(libiocs_a-joyget.o)
 .debug_aranges
                0x0000000000000840       0x20 /opt/toolchains/human68k/human68k/lib/libiocs.a(libiocs_a-ontime.o)

.debug_loc      0x0000000000000000     0x4275
 .debug_loc     0x0000000000000000      0x224 /opt/toolchains/human68k/human68k/lib/libc.a(lib_a-crt1.o)
 .debug_loc     0x0000000000000224       0x20 /opt/toolchains/human68k/human68k/lib/libc.a(lib_a-errno.o)
 .debug_loc     0x0000000000000244       0x3f /opt/toolchains/human68k/human68k/lib/libc.a(lib_a-exit.o)
 .debug_loc     0x0000000000000283       0x74 /opt/toolchains/human68k/human68k/lib/libc.a(lib_a-fclose.o)
 .debug_loc     0x00000000000002f7       0xc6 /opt/toolchains/human68k/human68k/lib/libc.a(lib_a-fds.o)
 .debug_loc     0x00000000000003bd      0x1af /opt/toolchains/human68k/human68k/lib/libc.a(lib_a-fflush.o)
 .debug_loc     0x000000000000056c       0x92 /opt/toolchains/human68k/human68k/lib/libc.a(lib_a-fgetc.o)
 .debug_loc     0x00000000000005fe      0x2ad /opt/toolchains/human68k/human68k/lib/libc.a(lib_a-findfp.o)
 .debug_loc     0x00000000000008ab      0x11d /opt/toolchains/human68k/human68k/lib/libc.a(lib_a-fopen.o)
 .debug_loc     0x00000000000009c8      0x480 /opt/toolchains/human68k/human68k/lib/libc.a(lib_a-freer.o)
 .debug_loc     0x0000000000000e48      0x3a0 /opt/toolchains/human68k/human68k/lib/libc.a(lib_a-fseek.o)
 .debug_loc     0x00000000000011e8       0x20 /opt/toolchains/human68k/human68k/lib/libc.a(lib_a-fstatr.o)
 .debug_loc     0x0000000000001208      0x1a4 /opt/toolchains/human68k/human68k/lib/libc.a(lib_a-fwalk.o)
 .debug_loc     0x00000000000013ac       0x20 /opt/toolchains/human68k/human68k/lib/libc.a(lib_a-main.o)
 .debug_loc     0x00000000000013cc       0xe5 /opt/toolchains/human68k/human68k/lib/libc.a(lib_a-makebuf.o)
 .debug_loc     0x00000000000014b1       0x40 /opt/toolchains/human68k/human68k/lib/libc.a(lib_a-malloc.o)
 .debug_loc     0x00000000000014f1      0xa7e /opt/toolchains/human68k/human68k/lib/libc.a(lib_a-mallocr.o)
 .debug_loc     0x0000000000001f6f       0x40 /opt/toolchains/human68k/human68k/lib/libc.a(lib_a-mlock.o)
 .debug_loc     0x0000000000001faf       0x20 /opt/toolchains/human68k/human68k/lib/libc.a(lib_a-openr.o)
 .debug_loc     0x0000000000001fcf       0x5f /opt/toolchains/human68k/human68k/lib/libc.a(lib_a-puts.o)
 .debug_loc     0x000000000000202e      0x1f9 /opt/toolchains/human68k/human68k/lib/libc.a(lib_a-reent.o)
 .debug_loc     0x0000000000002227       0x40 /opt/toolchains/human68k/human68k/lib/libc.a(lib_a-refill.o)
 .debug_loc     0x0000000000002267       0x40 /opt/toolchains/human68k/human68k/lib/libc.a(lib_a-rget.o)
 .debug_loc     0x00000000000022a7       0x20 /opt/toolchains/human68k/human68k/lib/libc.a(lib_a-sbrkr.o)
 .debug_loc     0x00000000000022c7       0xa0 /opt/toolchains/human68k/human68k/lib/libc.a(lib_a-stdio.o)
 .debug_loc     0x0000000000002367       0x96 /opt/toolchains/human68k/human68k/lib/libc.a(lib_a-strcat.o)
 .debug_loc     0x00000000000023fd       0x4a /opt/toolchains/human68k/human68k/lib/libc.a(lib_a-strcpy.o)
 .debug_loc     0x0000000000002447       0x20 /opt/toolchains/human68k/human68k/lib/libc.a(lib_a-strdup.o)
 .debug_loc     0x0000000000002467       0x5c /opt/toolchains/human68k/human68k/lib/libc.a(lib_a-strdup_r.o)
 .debug_loc     0x00000000000024c3       0x54 /opt/toolchains/human68k/human68k/lib/libc.a(lib_a-strlen.o)
 .debug_loc     0x0000000000002517       0x20 /opt/toolchains/human68k/human68k/lib/libc.a(lib_a-writer.o)
 .debug_loc     0x0000000000002537       0x20 /opt/toolchains/human68k/human68k/lib/libc.a(lib_a-close.o)
 .debug_loc     0x0000000000002557       0x20 /opt/toolchains/human68k/human68k/lib/libc.a(lib_a-closer.o)
 .debug_loc     0x0000000000002577       0xc3 /opt/toolchains/human68k/human68k/lib/libc.a(lib_a-flags.o)
 .debug_loc     0x000000000000263a       0x20 /opt/toolchains/human68k/human68k/lib/libc.a(lib_a-fstat.o)
 .debug_loc     0x000000000000265a      0x517 /opt/toolchains/human68k/human68k/lib/libc.a(lib_a-fvwrite.o)
 .debug_loc     0x0000000000002b71       0x20 /opt/toolchains/human68k/human68k/lib/libc.a(lib_a-isattyr.o)
 .debug_loc     0x0000000000002b91       0x20 /opt/toolchains/human68k/human68k/lib/libc.a(lib_a-lseekr.o)
 .debug_loc     0x0000000000002bb1      0x11e /opt/toolchains/human68k/human68k/lib/libc.a(lib_a-memchr.o)
 .debug_loc     0x0000000000002ccf      0x19d /opt/toolchains/human68k/human68k/lib/libc.a(lib_a-memmove.o)
 .debug_loc     0x0000000000002e6c       0xa1 /opt/toolchains/human68k/human68k/lib/libc.a(lib_a-open.o)
 .debug_loc     0x0000000000002f0d       0x20 /opt/toolchains/human68k/human68k/lib/libc.a(lib_a-readr.o)
 .debug_loc     0x0000000000002f2d     0x1194 /opt/toolchains/human68k/human68k/lib/libc.a(lib_a-reallocr.o)
 .debug_loc     0x00000000000040c1       0x20 /opt/toolchains/human68k/human68k/lib/libc.a(lib_a-sbrk.o)
 .debug_loc     0x00000000000040e1       0xf4 /opt/toolchains/human68k/human68k/lib/libc.a(lib_a-write.o)
 .debug_loc     0x00000000000041d5       0x20 /opt/toolchains/human68k/human68k/lib/libc.a(lib_a-wsetup.o)
 .debug_loc     0x00000000000041f5       0x20 /opt/toolchains/human68k/human68k/lib/libc.a(lib_a-doserror.o)
 .debug_loc     0x0000000000004215       0x20 /opt/toolchains/human68k/human68k/lib/libc.a(lib_a-isatty.o)
 .debug_loc     0x0000000000004235       0x20 /opt/toolchains/human68k/human68k/lib/libc.a(lib_a-lseek.o)
 .debug_loc     0x0000000000004255       0x20 /opt/toolchains/human68k/human68k/lib/libc.a(lib_a-read.o)

.debug_ranges   0x0000000000000000      0x360
 .debug_ranges  0x0000000000000000       0xa0 /opt/toolchains/human68k/human68k/lib/libc.a(lib_a-crt1.o)
 .debug_ranges  0x00000000000000a0       0x98 /opt/toolchains/human68k/human68k/lib/libc.a(lib_a-fflush.o)
 .debug_ranges  0x0000000000000138       0x70 /opt/toolchains/human68k/human68k/lib/libc.a(lib_a-mallocr.o)
 .debug_ranges  0x00000000000001a8       0x20 /opt/toolchains/human68k/human68k/lib/libc.a(lib_a-strcat.o)
 .debug_ranges  0x00000000000001c8       0x20 /opt/toolchains/human68k/human68k/lib/libc.a(lib_a-fvwrite.o)
 .debug_ranges  0x00000000000001e8      0x158 /opt/toolchains/human68k/human68k/lib/libc.a(lib_a-reallocr.o)
 .debug_ranges  0x0000000000000340       0x20 /opt/toolchains/human68k/human68k/lib/libc.a(lib_a-write.o)

.debug_str      0x0000000000000000     0x1c16
 .debug_str     0x0000000000000000      0x1e8 /opt/toolchains/human68k/human68k/lib/libc.a(lib_a-crt1.o)
                                        0x243 (size before relaxing)
 .debug_str     0x00000000000001e8       0x8b /opt/toolchains/human68k/human68k/lib/libc.a(lib_a-environ.o)
                                         0xb6 (size before relaxing)
 .debug_str     0x0000000000000273      0x3f7 /opt/toolchains/human68k/human68k/lib/libc.a(lib_a-errno.o)
                                        0x4d3 (size before relaxing)
 .debug_str     0x000000000000066a       0x70 /opt/toolchains/human68k/human68k/lib/libc.a(lib_a-exit.o)
                                        0x14c (size before relaxing)
 .debug_str     0x00000000000006da       0x92 /opt/toolchains/human68k/human68k/lib/libc.a(lib_a-fclose.o)
                                        0x4e7 (size before relaxing)
 .debug_str     0x000000000000076c       0x94 /opt/toolchains/human68k/human68k/lib/libc.a(lib_a-fds.o)
                                        0x171 (size before relaxing)
 .debug_str     0x0000000000000800       0x76 /opt/toolchains/human68k/human68k/lib/libc.a(lib_a-fflush.o)
                                        0x50d (size before relaxing)
 .debug_str     0x0000000000000876       0x4f /opt/toolchains/human68k/human68k/lib/libc.a(lib_a-fgetc.o)
                                        0x4e6 (size before relaxing)
 .debug_str     0x00000000000008c5      0x109 /opt/toolchains/human68k/human68k/lib/libc.a(lib_a-findfp.o)
                                        0x5c5 (size before relaxing)
 .debug_str     0x00000000000009ce       0x56 /opt/toolchains/human68k/human68k/lib/libc.a(lib_a-fopen.o)
                                        0x4f6 (size before relaxing)
 .debug_str     0x0000000000000a24      0x162 /opt/toolchains/human68k/human68k/lib/libc.a(lib_a-freer.o)
                                        0x614 (size before relaxing)
 .debug_str     0x0000000000000b86      0x141 /opt/toolchains/human68k/human68k/lib/libc.a(lib_a-fseek.o)
                                        0x603 (size before relaxing)
 .debug_str     0x0000000000000cc7       0x8b /opt/toolchains/human68k/human68k/lib/libc.a(lib_a-fstatr.o)
                                        0x5c2 (size before relaxing)
 .debug_str     0x0000000000000d52       0x65 /opt/toolchains/human68k/human68k/lib/libc.a(lib_a-fwalk.o)
                                        0x506 (size before relaxing)
 .debug_str     0x0000000000000db7       0x4d /opt/toolchains/human68k/human68k/lib/libc.a(lib_a-impure.o)
                                        0x4eb (size before relaxing)
 .debug_str     0x0000000000000e04       0x76 /opt/toolchains/human68k/human68k/lib/libc.a(lib_a-main.o)
                                         0xca (size before relaxing)
 .debug_str     0x0000000000000e7a       0x5a /opt/toolchains/human68k/human68k/lib/libc.a(lib_a-makebuf.o)
                                        0x5d7 (size before relaxing)
 .debug_str     0x0000000000000ed4       0x4e /opt/toolchains/human68k/human68k/lib/libc.a(lib_a-malloc.o)
                                        0x4ed (size before relaxing)
 .debug_str     0x0000000000000f22       0xe9 /opt/toolchains/human68k/human68k/lib/libc.a(lib_a-mallocr.o)
                                        0x6c2 (size before relaxing)
 .debug_str     0x000000000000100b       0x74 /opt/toolchains/human68k/human68k/lib/libc.a(lib_a-mlock.o)
                                        0x4f4 (size before relaxing)
 .debug_str     0x000000000000107f       0x48 /opt/toolchains/human68k/human68k/lib/libc.a(lib_a-openr.o)
                                        0x4dd (size before relaxing)
 .debug_str     0x00000000000010c7       0x88 /opt/toolchains/human68k/human68k/lib/libc.a(lib_a-puts.o)
                                        0x51a (size before relaxing)
 .debug_str     0x000000000000114f       0x7a /opt/toolchains/human68k/human68k/lib/libc.a(lib_a-reent.o)
                                        0x510 (size before relaxing)
 .debug_str     0x00000000000011c9       0x54 /opt/toolchains/human68k/human68k/lib/libc.a(lib_a-refill.o)
                                        0x4eb (size before relaxing)
 .debug_str     0x000000000000121d       0x51 /opt/toolchains/human68k/human68k/lib/libc.a(lib_a-rget.o)
                                        0x4e1 (size before relaxing)
 .debug_str     0x000000000000126e       0x5c /opt/toolchains/human68k/human68k/lib/libc.a(lib_a-sbrkr.o)
                                        0x4e1 (size before relaxing)
 .debug_str     0x00000000000012ca       0x6d /opt/toolchains/human68k/human68k/lib/libc.a(lib_a-stdio.o)
                                        0x512 (size before relaxing)
 .debug_str     0x0000000000001337       0x90 /opt/toolchains/human68k/human68k/lib/libc.a(lib_a-strcat.o)
                                        0x125 (size before relaxing)
 .debug_str     0x00000000000013c7       0x99 /opt/toolchains/human68k/human68k/lib/libc.a(lib_a-strcpy.o)
                                        0x12e (size before relaxing)
 .debug_str     0x0000000000001460       0x49 /opt/toolchains/human68k/human68k/lib/libc.a(lib_a-strdup.o)
                                        0x4d5 (size before relaxing)
 .debug_str     0x00000000000014a9       0x53 /opt/toolchains/human68k/human68k/lib/libc.a(lib_a-strdup_r.o)
                                        0x4e4 (size before relaxing)
 .debug_str     0x00000000000014fc       0x52 /opt/toolchains/human68k/human68k/lib/libc.a(lib_a-strlen.o)
                                        0x130 (size before relaxing)
 .debug_str     0x000000000000154e       0x53 /opt/toolchains/human68k/human68k/lib/libc.a(lib_a-writer.o)
                                        0x4df (size before relaxing)
 .debug_str     0x00000000000015a1       0x4a /opt/toolchains/human68k/human68k/lib/libc.a(lib_a-close.o)
                                         0xec (size before relaxing)
 .debug_str     0x00000000000015eb       0x4a /opt/toolchains/human68k/human68k/lib/libc.a(lib_a-closer.o)
                                        0x4cf (size before relaxing)
 .debug_str     0x0000000000001635       0x4e /opt/toolchains/human68k/human68k/lib/libc.a(lib_a-flags.o)
                                        0x4d2 (size before relaxing)
 .debug_str     0x0000000000001683       0x50 /opt/toolchains/human68k/human68k/lib/libc.a(lib_a-fstat.o)
                                        0x214 (size before relaxing)
 .debug_str     0x00000000000016d3       0x6d /opt/toolchains/human68k/human68k/lib/libc.a(lib_a-fvwrite.o)
                                        0x534 (size before relaxing)
 .debug_str     0x0000000000001740       0x4c /opt/toolchains/human68k/human68k/lib/libc.a(lib_a-isattyr.o)
                                        0x4d1 (size before relaxing)
 .debug_str     0x000000000000178c       0x4a /opt/toolchains/human68k/human68k/lib/libc.a(lib_a-lseekr.o)
                                        0x4dd (size before relaxing)
 .debug_str     0x00000000000017d6       0x63 /opt/toolchains/human68k/human68k/lib/libc.a(lib_a-memchr.o)
                                        0x13b (size before relaxing)
 .debug_str     0x0000000000001839       0x6c /opt/toolchains/human68k/human68k/lib/libc.a(lib_a-memmove.o)
                                        0x154 (size before relaxing)
 .debug_str     0x00000000000018a5       0x52 /opt/toolchains/human68k/human68k/lib/libc.a(lib_a-open.o)
                                        0x134 (size before relaxing)
 .debug_str     0x00000000000018f7       0x48 /opt/toolchains/human68k/human68k/lib/libc.a(lib_a-readr.o)
                                        0x4dd (size before relaxing)
 .debug_str     0x000000000000193f       0x59 /opt/toolchains/human68k/human68k/lib/libc.a(lib_a-reallocr.o)
                                        0x594 (size before relaxing)
 .debug_str     0x0000000000001998       0x63 /opt/toolchains/human68k/human68k/lib/libc.a(lib_a-sbrk.o)
                                        0x203 (size before relaxing)
 .debug_str     0x00000000000019fb       0x73 /opt/toolchains/human68k/human68k/lib/libc.a(lib_a-write.o)
                                        0x176 (size before relaxing)
 .debug_str     0x0000000000001a6e       0x4d /opt/toolchains/human68k/human68k/lib/libc.a(lib_a-wsetup.o)
                                        0x4dd (size before relaxing)
 .debug_str     0x0000000000001abb       0x70 /opt/toolchains/human68k/human68k/lib/libc.a(lib_a-doserror.o)
                                        0x147 (size before relaxing)
 .debug_str     0x0000000000001b2b       0x52 /opt/toolchains/human68k/human68k/lib/libc.a(lib_a-isatty.o)
                                         0xa5 (size before relaxing)
 .debug_str     0x0000000000001b7d       0x50 /opt/toolchains/human68k/human68k/lib/libc.a(lib_a-lseek.o)
                                        0x142 (size before relaxing)
 .debug_str     0x0000000000001bcd       0x49 /opt/toolchains/human68k/human68k/lib/libc.a(lib_a-read.o)
                                        0x132 (size before relaxing)

.debug_frame    0x0000000000000000      0xf28
 .debug_frame   0x0000000000000000       0x5c /opt/toolchains/human68k/human68k/lib/libc.a(lib_a-crt1.o)
 .debug_frame   0x000000000000005c       0x2c /opt/toolchains/human68k/human68k/lib/libc.a(lib_a-errno.o)
 .debug_frame   0x0000000000000088       0x34 /opt/toolchains/human68k/human68k/lib/libc.a(lib_a-exit.o)
 .debug_frame   0x00000000000000bc       0x5c /opt/toolchains/human68k/human68k/lib/libc.a(lib_a-fclose.o)
 .debug_frame   0x0000000000000118       0x74 /opt/toolchains/human68k/human68k/lib/libc.a(lib_a-fds.o)
 .debug_frame   0x000000000000018c       0x5c /opt/toolchains/human68k/human68k/lib/libc.a(lib_a-fflush.o)
 .debug_frame   0x00000000000001e8       0x5c /opt/toolchains/human68k/human68k/lib/libc.a(lib_a-fgetc.o)
 .debug_frame   0x0000000000000244      0x19c /opt/toolchains/human68k/human68k/lib/libc.a(lib_a-findfp.o)
 .debug_frame   0x00000000000003e0       0x5c /opt/toolchains/human68k/human68k/lib/libc.a(lib_a-fopen.o)
 .debug_frame   0x000000000000043c       0x74 /opt/toolchains/human68k/human68k/lib/libc.a(lib_a-freer.o)